------------------------------------------------------------
Timing Analyzer Summary
------------------------------------------------------------

Type  : Slow 1200mV 85C Model Setup 'BoardClock'
Slack : -3.112
TNS   : -45.903

Type  : Slow 1200mV 85C Model Setup 'upcounter:inst7|debouncer:inst6|clock_divider_1024:inst|inst10'
Slack : -2.695
TNS   : -6.694

Type  : Slow 1200mV 85C Model Setup 'ledPatternGen:inst19|nineCounter:ledset3|clock_generator:inst|clock_divider_1024:inst103|inst10'
Slack : -2.628
TNS   : -6.739

Type  : Slow 1200mV 85C Model Setup 'ledPatternGen:inst19|nineCounter:ledset8|clock_generator:inst|clock_divider_1024:inst103|inst10'
Slack : -2.558
TNS   : -5.341

Type  : Slow 1200mV 85C Model Setup 'upcounter:inst9|debouncer:inst6|clock_divider_1024:inst|inst10'
Slack : -2.555
TNS   : -7.092

Type  : Slow 1200mV 85C Model Setup 'upcounter:inst111|debouncer:inst6|clock_divider_1024:inst|inst10'
Slack : -2.538
TNS   : -5.064

Type  : Slow 1200mV 85C Model Setup 'upcounter:inst1|debouncer:inst6|clock_divider_1024:inst|inst10'
Slack : -2.522
TNS   : -5.693

Type  : Slow 1200mV 85C Model Setup 'ledPatternGen:inst19|nineCounter:ledset6|clock_generator:inst|clock_divider_1024:inst103|inst10'
Slack : -2.514
TNS   : -5.818

Type  : Slow 1200mV 85C Model Setup 'ledPatternGen:inst19|nineCounter:ledset1|clock_generator:inst|clock_divider_1024:inst103|inst10'
Slack : -2.508
TNS   : -5.121

Type  : Slow 1200mV 85C Model Setup 'ledPatternGen:inst19|nineCounter:ledset2|clock_generator:inst|clock_divider_1024:inst103|inst10'
Slack : -2.504
TNS   : -5.612

Type  : Slow 1200mV 85C Model Setup 'upcounter:inst10|debouncer:inst6|clock_divider_1024:inst|inst10'
Slack : -2.474
TNS   : -6.404

Type  : Slow 1200mV 85C Model Setup 'ledPatternGen:inst19|nineCounter:ledset4|clock_generator:inst|clock_divider_1024:inst103|inst10'
Slack : -2.462
TNS   : -6.438

Type  : Slow 1200mV 85C Model Setup 'ledPatternGen:inst19|nineCounter:ledset5|clock_generator:inst|clock_divider_1024:inst103|inst10'
Slack : -2.461
TNS   : -6.565

Type  : Slow 1200mV 85C Model Setup 'upcounter:inst3|debouncer:inst6|clock_divider_1024:inst|inst10'
Slack : -2.460
TNS   : -6.360

Type  : Slow 1200mV 85C Model Setup 'upcounter:inst8|debouncer:inst6|clock_divider_1024:inst|inst10'
Slack : -2.452
TNS   : -5.560

Type  : Slow 1200mV 85C Model Setup 'upcounter:inst2|debouncer:inst6|clock_divider_1024:inst|inst10'
Slack : -2.448
TNS   : -6.018

Type  : Slow 1200mV 85C Model Setup 'ledPatternGen:inst19|nineCounter:ledset7|clock_generator:inst|clock_divider_1024:inst103|inst10'
Slack : -2.416
TNS   : -6.251

Type  : Slow 1200mV 85C Model Setup 'ledPatternGen:inst19|nineCounter:ledset1|clock_generator:inst|clock_divider_1024:inst102|inst10'
Slack : -1.934
TNS   : -3.948

Type  : Slow 1200mV 85C Model Setup 'ledPatternGen:inst19|nineCounter:ledset3|clock_generator:inst|clock_divider_1024:inst102|inst10'
Slack : -1.887
TNS   : -3.455

Type  : Slow 1200mV 85C Model Setup 'ledPatternGen:inst19|nineCounter:ledset2|clock_generator:inst|clock_divider_1024:inst102|inst10'
Slack : -1.848
TNS   : -3.720

Type  : Slow 1200mV 85C Model Setup 'ledPatternGen:inst19|nineCounter:ledset5|clock_generator:inst|clock_divider_1024:inst102|inst10'
Slack : -1.459
TNS   : -3.530

Type  : Slow 1200mV 85C Model Setup 'ledPatternGen:inst19|nineCounter:ledset6|clock_generator:inst|clock_divider_1024:inst102|inst10'
Slack : -1.417
TNS   : -3.309

Type  : Slow 1200mV 85C Model Setup 'ledPatternGen:inst19|nineCounter:ledset4|clock_generator:inst|clock_divider_1024:inst102|inst10'
Slack : -1.379
TNS   : -2.994

Type  : Slow 1200mV 85C Model Setup 'ledPatternGen:inst19|nineCounter:ledset7|clock_generator:inst|clock_divider_1024:inst102|inst10'
Slack : -1.340
TNS   : -2.921

Type  : Slow 1200mV 85C Model Setup 'ledPatternGen:inst19|nineCounter:ledset8|clock_generator:inst|clock_divider_1024:inst102|inst10'
Slack : -1.328
TNS   : -2.919

Type  : Slow 1200mV 85C Model Setup 'upcounter:inst111|inst1'
Slack : -0.825
TNS   : -0.825

Type  : Slow 1200mV 85C Model Setup 'upcounter:inst1|inst389025'
Slack : -0.688
TNS   : -0.688

Type  : Slow 1200mV 85C Model Setup 'upcounter:inst1|inst1'
Slack : -0.684
TNS   : -0.684

Type  : Slow 1200mV 85C Model Setup 'upcounter:inst8|inst1'
Slack : -0.683
TNS   : -0.683

Type  : Slow 1200mV 85C Model Setup 'upcounter:inst111|inst389025'
Slack : -0.682
TNS   : -0.682

Type  : Slow 1200mV 85C Model Setup 'upcounter:inst7|inst389025'
Slack : -0.666
TNS   : -0.666

Type  : Slow 1200mV 85C Model Setup 'upcounter:inst7|debouncer:inst6|inst2'
Slack : -0.640
TNS   : -0.640

Type  : Slow 1200mV 85C Model Setup 'upcounter:inst8|inst389025'
Slack : -0.635
TNS   : -0.635

Type  : Slow 1200mV 85C Model Setup 'upcounter:inst8|debouncer:inst6|inst2'
Slack : -0.584
TNS   : -0.584

Type  : Slow 1200mV 85C Model Setup 'upcounter:inst3|debouncer:inst6|inst2'
Slack : -0.568
TNS   : -0.568

Type  : Slow 1200mV 85C Model Setup 'upcounter:inst9|inst389025'
Slack : -0.565
TNS   : -0.565

Type  : Slow 1200mV 85C Model Setup 'upcounter:inst2|debouncer:inst6|inst2'
Slack : -0.539
TNS   : -0.539

Type  : Slow 1200mV 85C Model Setup 'upcounter:inst10|debouncer:inst6|inst2'
Slack : -0.533
TNS   : -0.533

Type  : Slow 1200mV 85C Model Setup 'upcounter:inst3|inst1'
Slack : -0.531
TNS   : -0.531

Type  : Slow 1200mV 85C Model Setup 'upcounter:inst9|debouncer:inst6|inst2'
Slack : -0.527
TNS   : -0.527

Type  : Slow 1200mV 85C Model Setup 'upcounter:inst2|inst389025'
Slack : -0.508
TNS   : -0.508

Type  : Slow 1200mV 85C Model Setup 'upcounter:inst7|inst1'
Slack : -0.489
TNS   : -0.489

Type  : Slow 1200mV 85C Model Setup 'upcounter:inst9|inst1'
Slack : -0.454
TNS   : -0.454

Type  : Slow 1200mV 85C Model Setup 'upcounter:inst10|inst389025'
Slack : -0.449
TNS   : -0.449

Type  : Slow 1200mV 85C Model Setup 'upcounter:inst2|inst1'
Slack : -0.438
TNS   : -0.438

Type  : Slow 1200mV 85C Model Setup 'upcounter:inst111|debouncer:inst6|inst2'
Slack : -0.437
TNS   : -0.437

Type  : Slow 1200mV 85C Model Setup 'upcounter:inst10|inst1'
Slack : -0.364
TNS   : -0.364

Type  : Slow 1200mV 85C Model Setup 'upcounter:inst1|debouncer:inst6|inst2'
Slack : -0.352
TNS   : -0.352

Type  : Slow 1200mV 85C Model Setup 'upcounter:inst3|inst389025'
Slack : -0.347
TNS   : -0.347

Type  : Slow 1200mV 85C Model Setup 'ledPatternGen:inst19|nineCounter:ledset8|clock_generator:inst|inst7'
Slack : -0.198
TNS   : -0.525

Type  : Slow 1200mV 85C Model Setup 'ledPatternGen:inst19|nineCounter:ledset3|clock_generator:inst|inst7'
Slack : -0.197
TNS   : -0.525

Type  : Slow 1200mV 85C Model Setup 'ledPatternGen:inst19|nineCounter:ledset4|clock_generator:inst|inst7'
Slack : -0.197
TNS   : -0.524

Type  : Slow 1200mV 85C Model Setup 'ledPatternGen:inst19|nineCounter:ledset6|clock_generator:inst|inst7'
Slack : -0.197
TNS   : -0.521

Type  : Slow 1200mV 85C Model Setup 'ledPatternGen:inst19|nineCounter:ledset2|clock_generator:inst|inst7'
Slack : -0.197
TNS   : -0.520

Type  : Slow 1200mV 85C Model Setup 'ledPatternGen:inst19|nineCounter:ledset1|clock_generator:inst|inst7'
Slack : -0.196
TNS   : -0.523

Type  : Slow 1200mV 85C Model Setup 'ledPatternGen:inst19|nineCounter:ledset5|clock_generator:inst|inst7'
Slack : -0.196
TNS   : -0.521

Type  : Slow 1200mV 85C Model Setup 'ledPatternGen:inst19|nineCounter:ledset7|clock_generator:inst|inst7'
Slack : -0.196
TNS   : -0.517

Type  : Slow 1200mV 85C Model Setup 'upcounter:inst10|inst2'
Slack : 0.210
TNS   : 0.000

Type  : Slow 1200mV 85C Model Setup 'upcounter:inst111|inst2'
Slack : 0.210
TNS   : 0.000

Type  : Slow 1200mV 85C Model Setup 'upcounter:inst1|inst2'
Slack : 0.210
TNS   : 0.000

Type  : Slow 1200mV 85C Model Setup 'upcounter:inst2|inst2'
Slack : 0.210
TNS   : 0.000

Type  : Slow 1200mV 85C Model Setup 'upcounter:inst3|inst2'
Slack : 0.210
TNS   : 0.000

Type  : Slow 1200mV 85C Model Setup 'upcounter:inst7|inst2'
Slack : 0.210
TNS   : 0.000

Type  : Slow 1200mV 85C Model Setup 'upcounter:inst8|inst2'
Slack : 0.210
TNS   : 0.000

Type  : Slow 1200mV 85C Model Setup 'upcounter:inst9|inst2'
Slack : 0.210
TNS   : 0.000

Type  : Slow 1200mV 85C Model Hold 'BoardClock'
Slack : 0.401
TNS   : 0.000

Type  : Slow 1200mV 85C Model Hold 'ledPatternGen:inst19|nineCounter:ledset1|clock_generator:inst|clock_divider_1024:inst102|inst10'
Slack : 0.403
TNS   : 0.000

Type  : Slow 1200mV 85C Model Hold 'ledPatternGen:inst19|nineCounter:ledset1|clock_generator:inst|clock_divider_1024:inst103|inst10'
Slack : 0.403
TNS   : 0.000

Type  : Slow 1200mV 85C Model Hold 'ledPatternGen:inst19|nineCounter:ledset2|clock_generator:inst|clock_divider_1024:inst103|inst10'
Slack : 0.403
TNS   : 0.000

Type  : Slow 1200mV 85C Model Hold 'ledPatternGen:inst19|nineCounter:ledset3|clock_generator:inst|clock_divider_1024:inst103|inst10'
Slack : 0.403
TNS   : 0.000

Type  : Slow 1200mV 85C Model Hold 'ledPatternGen:inst19|nineCounter:ledset5|clock_generator:inst|clock_divider_1024:inst103|inst10'
Slack : 0.403
TNS   : 0.000

Type  : Slow 1200mV 85C Model Hold 'upcounter:inst10|debouncer:inst6|clock_divider_1024:inst|inst10'
Slack : 0.403
TNS   : 0.000

Type  : Slow 1200mV 85C Model Hold 'upcounter:inst2|debouncer:inst6|clock_divider_1024:inst|inst10'
Slack : 0.403
TNS   : 0.000

Type  : Slow 1200mV 85C Model Hold 'upcounter:inst8|debouncer:inst6|clock_divider_1024:inst|inst10'
Slack : 0.403
TNS   : 0.000

Type  : Slow 1200mV 85C Model Hold 'ledPatternGen:inst19|nineCounter:ledset2|clock_generator:inst|clock_divider_1024:inst102|inst10'
Slack : 0.404
TNS   : 0.000

Type  : Slow 1200mV 85C Model Hold 'ledPatternGen:inst19|nineCounter:ledset3|clock_generator:inst|clock_divider_1024:inst102|inst10'
Slack : 0.404
TNS   : 0.000

Type  : Slow 1200mV 85C Model Hold 'ledPatternGen:inst19|nineCounter:ledset7|clock_generator:inst|clock_divider_1024:inst103|inst10'
Slack : 0.404
TNS   : 0.000

Type  : Slow 1200mV 85C Model Hold 'upcounter:inst111|debouncer:inst6|clock_divider_1024:inst|inst10'
Slack : 0.404
TNS   : 0.000

Type  : Slow 1200mV 85C Model Hold 'upcounter:inst3|debouncer:inst6|clock_divider_1024:inst|inst10'
Slack : 0.404
TNS   : 0.000

Type  : Slow 1200mV 85C Model Hold 'upcounter:inst7|debouncer:inst6|clock_divider_1024:inst|inst10'
Slack : 0.404
TNS   : 0.000

Type  : Slow 1200mV 85C Model Hold 'upcounter:inst9|debouncer:inst6|clock_divider_1024:inst|inst10'
Slack : 0.404
TNS   : 0.000

Type  : Slow 1200mV 85C Model Hold 'ledPatternGen:inst19|nineCounter:ledset4|clock_generator:inst|clock_divider_1024:inst103|inst10'
Slack : 0.405
TNS   : 0.000

Type  : Slow 1200mV 85C Model Hold 'ledPatternGen:inst19|nineCounter:ledset6|clock_generator:inst|clock_divider_1024:inst103|inst10'
Slack : 0.405
TNS   : 0.000

Type  : Slow 1200mV 85C Model Hold 'upcounter:inst1|debouncer:inst6|clock_divider_1024:inst|inst10'
Slack : 0.405
TNS   : 0.000

Type  : Slow 1200mV 85C Model Hold 'ledPatternGen:inst19|nineCounter:ledset8|clock_generator:inst|clock_divider_1024:inst103|inst10'
Slack : 0.406
TNS   : 0.000

Type  : Slow 1200mV 85C Model Hold 'ledPatternGen:inst19|nineCounter:ledset1|clock_generator:inst|inst7'
Slack : 0.440
TNS   : 0.000

Type  : Slow 1200mV 85C Model Hold 'ledPatternGen:inst19|nineCounter:ledset2|clock_generator:inst|inst7'
Slack : 0.440
TNS   : 0.000

Type  : Slow 1200mV 85C Model Hold 'ledPatternGen:inst19|nineCounter:ledset3|clock_generator:inst|inst7'
Slack : 0.440
TNS   : 0.000

Type  : Slow 1200mV 85C Model Hold 'ledPatternGen:inst19|nineCounter:ledset4|clock_generator:inst|clock_divider_1024:inst102|inst10'
Slack : 0.440
TNS   : 0.000

Type  : Slow 1200mV 85C Model Hold 'ledPatternGen:inst19|nineCounter:ledset4|clock_generator:inst|inst7'
Slack : 0.440
TNS   : 0.000

Type  : Slow 1200mV 85C Model Hold 'ledPatternGen:inst19|nineCounter:ledset5|clock_generator:inst|clock_divider_1024:inst102|inst10'
Slack : 0.440
TNS   : 0.000

Type  : Slow 1200mV 85C Model Hold 'ledPatternGen:inst19|nineCounter:ledset5|clock_generator:inst|inst7'
Slack : 0.440
TNS   : 0.000

Type  : Slow 1200mV 85C Model Hold 'ledPatternGen:inst19|nineCounter:ledset6|clock_generator:inst|clock_divider_1024:inst102|inst10'
Slack : 0.440
TNS   : 0.000

Type  : Slow 1200mV 85C Model Hold 'ledPatternGen:inst19|nineCounter:ledset6|clock_generator:inst|inst7'
Slack : 0.440
TNS   : 0.000

Type  : Slow 1200mV 85C Model Hold 'ledPatternGen:inst19|nineCounter:ledset7|clock_generator:inst|clock_divider_1024:inst102|inst10'
Slack : 0.440
TNS   : 0.000

Type  : Slow 1200mV 85C Model Hold 'ledPatternGen:inst19|nineCounter:ledset7|clock_generator:inst|inst7'
Slack : 0.440
TNS   : 0.000

Type  : Slow 1200mV 85C Model Hold 'ledPatternGen:inst19|nineCounter:ledset8|clock_generator:inst|clock_divider_1024:inst102|inst10'
Slack : 0.440
TNS   : 0.000

Type  : Slow 1200mV 85C Model Hold 'ledPatternGen:inst19|nineCounter:ledset8|clock_generator:inst|inst7'
Slack : 0.440
TNS   : 0.000

Type  : Slow 1200mV 85C Model Hold 'upcounter:inst10|inst2'
Slack : 0.445
TNS   : 0.000

Type  : Slow 1200mV 85C Model Hold 'upcounter:inst111|inst2'
Slack : 0.445
TNS   : 0.000

Type  : Slow 1200mV 85C Model Hold 'upcounter:inst1|inst2'
Slack : 0.445
TNS   : 0.000

Type  : Slow 1200mV 85C Model Hold 'upcounter:inst2|inst2'
Slack : 0.445
TNS   : 0.000

Type  : Slow 1200mV 85C Model Hold 'upcounter:inst3|inst2'
Slack : 0.445
TNS   : 0.000

Type  : Slow 1200mV 85C Model Hold 'upcounter:inst7|inst2'
Slack : 0.445
TNS   : 0.000

Type  : Slow 1200mV 85C Model Hold 'upcounter:inst8|inst2'
Slack : 0.445
TNS   : 0.000

Type  : Slow 1200mV 85C Model Hold 'upcounter:inst9|inst2'
Slack : 0.445
TNS   : 0.000

Type  : Slow 1200mV 85C Model Hold 'upcounter:inst1|debouncer:inst6|inst2'
Slack : 0.479
TNS   : 0.000

Type  : Slow 1200mV 85C Model Hold 'upcounter:inst9|debouncer:inst6|inst2'
Slack : 0.504
TNS   : 0.000

Type  : Slow 1200mV 85C Model Hold 'upcounter:inst2|inst1'
Slack : 0.505
TNS   : 0.000

Type  : Slow 1200mV 85C Model Hold 'upcounter:inst7|inst1'
Slack : 0.509
TNS   : 0.000

Type  : Slow 1200mV 85C Model Hold 'upcounter:inst10|debouncer:inst6|inst2'
Slack : 0.519
TNS   : 0.000

Type  : Slow 1200mV 85C Model Hold 'upcounter:inst2|debouncer:inst6|inst2'
Slack : 0.520
TNS   : 0.000

Type  : Slow 1200mV 85C Model Hold 'upcounter:inst111|debouncer:inst6|inst2'
Slack : 0.526
TNS   : 0.000

Type  : Slow 1200mV 85C Model Hold 'upcounter:inst3|inst389025'
Slack : 0.553
TNS   : 0.000

Type  : Slow 1200mV 85C Model Hold 'upcounter:inst3|debouncer:inst6|inst2'
Slack : 0.559
TNS   : 0.000

Type  : Slow 1200mV 85C Model Hold 'upcounter:inst8|debouncer:inst6|inst2'
Slack : 0.573
TNS   : 0.000

Type  : Slow 1200mV 85C Model Hold 'upcounter:inst10|inst1'
Slack : 0.574
TNS   : 0.000

Type  : Slow 1200mV 85C Model Hold 'upcounter:inst2|inst389025'
Slack : 0.607
TNS   : 0.000

Type  : Slow 1200mV 85C Model Hold 'upcounter:inst10|inst389025'
Slack : 0.611
TNS   : 0.000

Type  : Slow 1200mV 85C Model Hold 'upcounter:inst9|inst1'
Slack : 0.611
TNS   : 0.000

Type  : Slow 1200mV 85C Model Hold 'upcounter:inst7|debouncer:inst6|inst2'
Slack : 0.636
TNS   : 0.000

Type  : Slow 1200mV 85C Model Hold 'upcounter:inst8|inst389025'
Slack : 0.645
TNS   : 0.000

Type  : Slow 1200mV 85C Model Hold 'upcounter:inst7|inst389025'
Slack : 0.678
TNS   : 0.000

Type  : Slow 1200mV 85C Model Hold 'upcounter:inst1|inst1'
Slack : 0.686
TNS   : 0.000

Type  : Slow 1200mV 85C Model Hold 'upcounter:inst1|inst389025'
Slack : 0.688
TNS   : 0.000

Type  : Slow 1200mV 85C Model Hold 'upcounter:inst3|inst1'
Slack : 0.703
TNS   : 0.000

Type  : Slow 1200mV 85C Model Hold 'upcounter:inst8|inst1'
Slack : 0.711
TNS   : 0.000

Type  : Slow 1200mV 85C Model Hold 'upcounter:inst9|inst389025'
Slack : 0.721
TNS   : 0.000

Type  : Slow 1200mV 85C Model Hold 'upcounter:inst111|inst389025'
Slack : 0.787
TNS   : 0.000

Type  : Slow 1200mV 85C Model Hold 'upcounter:inst111|inst1'
Slack : 0.935
TNS   : 0.000

Type  : Slow 1200mV 85C Model Recovery 'ledPatternGen:inst19|nineCounter:ledset5|clock_generator:inst|inst7'
Slack : -5.829
TNS   : -17.487

Type  : Slow 1200mV 85C Model Recovery 'ledPatternGen:inst19|nineCounter:ledset6|clock_generator:inst|inst7'
Slack : -5.714
TNS   : -17.142

Type  : Slow 1200mV 85C Model Recovery 'ledPatternGen:inst19|nineCounter:ledset1|clock_generator:inst|inst7'
Slack : -5.698
TNS   : -17.094

Type  : Slow 1200mV 85C Model Recovery 'ledPatternGen:inst19|nineCounter:ledset3|clock_generator:inst|inst7'
Slack : -5.696
TNS   : -17.088

Type  : Slow 1200mV 85C Model Recovery 'ledPatternGen:inst19|nineCounter:ledset2|clock_generator:inst|inst7'
Slack : -5.687
TNS   : -17.061

Type  : Slow 1200mV 85C Model Recovery 'ledPatternGen:inst19|nineCounter:ledset8|clock_generator:inst|inst7'
Slack : -5.564
TNS   : -16.692

Type  : Slow 1200mV 85C Model Recovery 'ledPatternGen:inst19|nineCounter:ledset4|clock_generator:inst|inst7'
Slack : -5.489
TNS   : -16.467

Type  : Slow 1200mV 85C Model Recovery 'ledPatternGen:inst19|nineCounter:ledset7|clock_generator:inst|inst7'
Slack : -5.332
TNS   : -15.996

Type  : Slow 1200mV 85C Model Removal 'ledPatternGen:inst19|nineCounter:ledset7|clock_generator:inst|inst7'
Slack : 4.239
TNS   : 0.000

Type  : Slow 1200mV 85C Model Removal 'ledPatternGen:inst19|nineCounter:ledset4|clock_generator:inst|inst7'
Slack : 4.412
TNS   : 0.000

Type  : Slow 1200mV 85C Model Removal 'ledPatternGen:inst19|nineCounter:ledset8|clock_generator:inst|inst7'
Slack : 4.472
TNS   : 0.000

Type  : Slow 1200mV 85C Model Removal 'ledPatternGen:inst19|nineCounter:ledset2|clock_generator:inst|inst7'
Slack : 4.624
TNS   : 0.000

Type  : Slow 1200mV 85C Model Removal 'ledPatternGen:inst19|nineCounter:ledset3|clock_generator:inst|inst7'
Slack : 4.624
TNS   : 0.000

Type  : Slow 1200mV 85C Model Removal 'ledPatternGen:inst19|nineCounter:ledset1|clock_generator:inst|inst7'
Slack : 4.626
TNS   : 0.000

Type  : Slow 1200mV 85C Model Removal 'ledPatternGen:inst19|nineCounter:ledset6|clock_generator:inst|inst7'
Slack : 4.657
TNS   : 0.000

Type  : Slow 1200mV 85C Model Removal 'ledPatternGen:inst19|nineCounter:ledset5|clock_generator:inst|inst7'
Slack : 4.732
TNS   : 0.000

Type  : Slow 1200mV 85C Model Minimum Pulse Width 'BoardClock'
Slack : -3.000
TNS   : -32.555

Type  : Slow 1200mV 85C Model Minimum Pulse Width 'ledPatternGen:inst19|nineCounter:ledset1|clock_generator:inst|clock_divider_1024:inst103|inst10'
Slack : -1.285
TNS   : -10.280

Type  : Slow 1200mV 85C Model Minimum Pulse Width 'ledPatternGen:inst19|nineCounter:ledset2|clock_generator:inst|clock_divider_1024:inst103|inst10'
Slack : -1.285
TNS   : -10.280

Type  : Slow 1200mV 85C Model Minimum Pulse Width 'ledPatternGen:inst19|nineCounter:ledset3|clock_generator:inst|clock_divider_1024:inst103|inst10'
Slack : -1.285
TNS   : -10.280

Type  : Slow 1200mV 85C Model Minimum Pulse Width 'ledPatternGen:inst19|nineCounter:ledset4|clock_generator:inst|clock_divider_1024:inst103|inst10'
Slack : -1.285
TNS   : -10.280

Type  : Slow 1200mV 85C Model Minimum Pulse Width 'ledPatternGen:inst19|nineCounter:ledset5|clock_generator:inst|clock_divider_1024:inst103|inst10'
Slack : -1.285
TNS   : -10.280

Type  : Slow 1200mV 85C Model Minimum Pulse Width 'ledPatternGen:inst19|nineCounter:ledset6|clock_generator:inst|clock_divider_1024:inst103|inst10'
Slack : -1.285
TNS   : -10.280

Type  : Slow 1200mV 85C Model Minimum Pulse Width 'ledPatternGen:inst19|nineCounter:ledset7|clock_generator:inst|clock_divider_1024:inst103|inst10'
Slack : -1.285
TNS   : -10.280

Type  : Slow 1200mV 85C Model Minimum Pulse Width 'ledPatternGen:inst19|nineCounter:ledset8|clock_generator:inst|clock_divider_1024:inst103|inst10'
Slack : -1.285
TNS   : -10.280

Type  : Slow 1200mV 85C Model Minimum Pulse Width 'upcounter:inst10|debouncer:inst6|clock_divider_1024:inst|inst10'
Slack : -1.285
TNS   : -10.280

Type  : Slow 1200mV 85C Model Minimum Pulse Width 'upcounter:inst111|debouncer:inst6|clock_divider_1024:inst|inst10'
Slack : -1.285
TNS   : -10.280

Type  : Slow 1200mV 85C Model Minimum Pulse Width 'upcounter:inst1|debouncer:inst6|clock_divider_1024:inst|inst10'
Slack : -1.285
TNS   : -10.280

Type  : Slow 1200mV 85C Model Minimum Pulse Width 'upcounter:inst2|debouncer:inst6|clock_divider_1024:inst|inst10'
Slack : -1.285
TNS   : -10.280

Type  : Slow 1200mV 85C Model Minimum Pulse Width 'upcounter:inst3|debouncer:inst6|clock_divider_1024:inst|inst10'
Slack : -1.285
TNS   : -10.280

Type  : Slow 1200mV 85C Model Minimum Pulse Width 'upcounter:inst7|debouncer:inst6|clock_divider_1024:inst|inst10'
Slack : -1.285
TNS   : -10.280

Type  : Slow 1200mV 85C Model Minimum Pulse Width 'upcounter:inst8|debouncer:inst6|clock_divider_1024:inst|inst10'
Slack : -1.285
TNS   : -10.280

Type  : Slow 1200mV 85C Model Minimum Pulse Width 'upcounter:inst9|debouncer:inst6|clock_divider_1024:inst|inst10'
Slack : -1.285
TNS   : -10.280

Type  : Slow 1200mV 85C Model Minimum Pulse Width 'ledPatternGen:inst19|nineCounter:ledset1|clock_generator:inst|clock_divider_1024:inst102|inst10'
Slack : -1.285
TNS   : -8.995

Type  : Slow 1200mV 85C Model Minimum Pulse Width 'ledPatternGen:inst19|nineCounter:ledset2|clock_generator:inst|clock_divider_1024:inst102|inst10'
Slack : -1.285
TNS   : -8.995

Type  : Slow 1200mV 85C Model Minimum Pulse Width 'ledPatternGen:inst19|nineCounter:ledset3|clock_generator:inst|clock_divider_1024:inst102|inst10'
Slack : -1.285
TNS   : -8.995

Type  : Slow 1200mV 85C Model Minimum Pulse Width 'ledPatternGen:inst19|nineCounter:ledset4|clock_generator:inst|clock_divider_1024:inst102|inst10'
Slack : -1.285
TNS   : -8.995

Type  : Slow 1200mV 85C Model Minimum Pulse Width 'ledPatternGen:inst19|nineCounter:ledset5|clock_generator:inst|clock_divider_1024:inst102|inst10'
Slack : -1.285
TNS   : -8.995

Type  : Slow 1200mV 85C Model Minimum Pulse Width 'ledPatternGen:inst19|nineCounter:ledset6|clock_generator:inst|clock_divider_1024:inst102|inst10'
Slack : -1.285
TNS   : -8.995

Type  : Slow 1200mV 85C Model Minimum Pulse Width 'ledPatternGen:inst19|nineCounter:ledset7|clock_generator:inst|clock_divider_1024:inst102|inst10'
Slack : -1.285
TNS   : -8.995

Type  : Slow 1200mV 85C Model Minimum Pulse Width 'ledPatternGen:inst19|nineCounter:ledset8|clock_generator:inst|clock_divider_1024:inst102|inst10'
Slack : -1.285
TNS   : -8.995

Type  : Slow 1200mV 85C Model Minimum Pulse Width 'ledPatternGen:inst19|nineCounter:ledset1|clock_generator:inst|inst7'
Slack : -1.285
TNS   : -3.855

Type  : Slow 1200mV 85C Model Minimum Pulse Width 'ledPatternGen:inst19|nineCounter:ledset2|clock_generator:inst|inst7'
Slack : -1.285
TNS   : -3.855

Type  : Slow 1200mV 85C Model Minimum Pulse Width 'ledPatternGen:inst19|nineCounter:ledset3|clock_generator:inst|inst7'
Slack : -1.285
TNS   : -3.855

Type  : Slow 1200mV 85C Model Minimum Pulse Width 'ledPatternGen:inst19|nineCounter:ledset4|clock_generator:inst|inst7'
Slack : -1.285
TNS   : -3.855

Type  : Slow 1200mV 85C Model Minimum Pulse Width 'ledPatternGen:inst19|nineCounter:ledset5|clock_generator:inst|inst7'
Slack : -1.285
TNS   : -3.855

Type  : Slow 1200mV 85C Model Minimum Pulse Width 'ledPatternGen:inst19|nineCounter:ledset6|clock_generator:inst|inst7'
Slack : -1.285
TNS   : -3.855

Type  : Slow 1200mV 85C Model Minimum Pulse Width 'ledPatternGen:inst19|nineCounter:ledset7|clock_generator:inst|inst7'
Slack : -1.285
TNS   : -3.855

Type  : Slow 1200mV 85C Model Minimum Pulse Width 'ledPatternGen:inst19|nineCounter:ledset8|clock_generator:inst|inst7'
Slack : -1.285
TNS   : -3.855

Type  : Slow 1200mV 85C Model Minimum Pulse Width 'upcounter:inst10|inst1'
Slack : -1.285
TNS   : -2.570

Type  : Slow 1200mV 85C Model Minimum Pulse Width 'upcounter:inst10|inst2'
Slack : -1.285
TNS   : -2.570

Type  : Slow 1200mV 85C Model Minimum Pulse Width 'upcounter:inst10|inst389025'
Slack : -1.285
TNS   : -2.570

Type  : Slow 1200mV 85C Model Minimum Pulse Width 'upcounter:inst111|inst1'
Slack : -1.285
TNS   : -2.570

Type  : Slow 1200mV 85C Model Minimum Pulse Width 'upcounter:inst111|inst2'
Slack : -1.285
TNS   : -2.570

Type  : Slow 1200mV 85C Model Minimum Pulse Width 'upcounter:inst111|inst389025'
Slack : -1.285
TNS   : -2.570

Type  : Slow 1200mV 85C Model Minimum Pulse Width 'upcounter:inst1|inst1'
Slack : -1.285
TNS   : -2.570

Type  : Slow 1200mV 85C Model Minimum Pulse Width 'upcounter:inst1|inst2'
Slack : -1.285
TNS   : -2.570

Type  : Slow 1200mV 85C Model Minimum Pulse Width 'upcounter:inst1|inst389025'
Slack : -1.285
TNS   : -2.570

Type  : Slow 1200mV 85C Model Minimum Pulse Width 'upcounter:inst2|inst1'
Slack : -1.285
TNS   : -2.570

Type  : Slow 1200mV 85C Model Minimum Pulse Width 'upcounter:inst2|inst2'
Slack : -1.285
TNS   : -2.570

Type  : Slow 1200mV 85C Model Minimum Pulse Width 'upcounter:inst2|inst389025'
Slack : -1.285
TNS   : -2.570

Type  : Slow 1200mV 85C Model Minimum Pulse Width 'upcounter:inst3|inst1'
Slack : -1.285
TNS   : -2.570

Type  : Slow 1200mV 85C Model Minimum Pulse Width 'upcounter:inst3|inst2'
Slack : -1.285
TNS   : -2.570

Type  : Slow 1200mV 85C Model Minimum Pulse Width 'upcounter:inst3|inst389025'
Slack : -1.285
TNS   : -2.570

Type  : Slow 1200mV 85C Model Minimum Pulse Width 'upcounter:inst7|inst1'
Slack : -1.285
TNS   : -2.570

Type  : Slow 1200mV 85C Model Minimum Pulse Width 'upcounter:inst7|inst2'
Slack : -1.285
TNS   : -2.570

Type  : Slow 1200mV 85C Model Minimum Pulse Width 'upcounter:inst7|inst389025'
Slack : -1.285
TNS   : -2.570

Type  : Slow 1200mV 85C Model Minimum Pulse Width 'upcounter:inst8|inst1'
Slack : -1.285
TNS   : -2.570

Type  : Slow 1200mV 85C Model Minimum Pulse Width 'upcounter:inst8|inst2'
Slack : -1.285
TNS   : -2.570

Type  : Slow 1200mV 85C Model Minimum Pulse Width 'upcounter:inst8|inst389025'
Slack : -1.285
TNS   : -2.570

Type  : Slow 1200mV 85C Model Minimum Pulse Width 'upcounter:inst9|inst1'
Slack : -1.285
TNS   : -2.570

Type  : Slow 1200mV 85C Model Minimum Pulse Width 'upcounter:inst9|inst2'
Slack : -1.285
TNS   : -2.570

Type  : Slow 1200mV 85C Model Minimum Pulse Width 'upcounter:inst9|inst389025'
Slack : -1.285
TNS   : -2.570

Type  : Slow 1200mV 85C Model Minimum Pulse Width 'upcounter:inst10|debouncer:inst6|clock_divider_1024:inst1|inst10'
Slack : -1.285
TNS   : -1.285

Type  : Slow 1200mV 85C Model Minimum Pulse Width 'upcounter:inst10|debouncer:inst6|inst2'
Slack : -1.285
TNS   : -1.285

Type  : Slow 1200mV 85C Model Minimum Pulse Width 'upcounter:inst111|debouncer:inst6|clock_divider_1024:inst1|inst10'
Slack : -1.285
TNS   : -1.285

Type  : Slow 1200mV 85C Model Minimum Pulse Width 'upcounter:inst111|debouncer:inst6|inst2'
Slack : -1.285
TNS   : -1.285

Type  : Slow 1200mV 85C Model Minimum Pulse Width 'upcounter:inst1|debouncer:inst6|clock_divider_1024:inst1|inst10'
Slack : -1.285
TNS   : -1.285

Type  : Slow 1200mV 85C Model Minimum Pulse Width 'upcounter:inst1|debouncer:inst6|inst2'
Slack : -1.285
TNS   : -1.285

Type  : Slow 1200mV 85C Model Minimum Pulse Width 'upcounter:inst2|debouncer:inst6|clock_divider_1024:inst1|inst10'
Slack : -1.285
TNS   : -1.285

Type  : Slow 1200mV 85C Model Minimum Pulse Width 'upcounter:inst2|debouncer:inst6|inst2'
Slack : -1.285
TNS   : -1.285

Type  : Slow 1200mV 85C Model Minimum Pulse Width 'upcounter:inst3|debouncer:inst6|clock_divider_1024:inst1|inst10'
Slack : -1.285
TNS   : -1.285

Type  : Slow 1200mV 85C Model Minimum Pulse Width 'upcounter:inst3|debouncer:inst6|inst2'
Slack : -1.285
TNS   : -1.285

Type  : Slow 1200mV 85C Model Minimum Pulse Width 'upcounter:inst7|debouncer:inst6|clock_divider_1024:inst1|inst10'
Slack : -1.285
TNS   : -1.285

Type  : Slow 1200mV 85C Model Minimum Pulse Width 'upcounter:inst7|debouncer:inst6|inst2'
Slack : -1.285
TNS   : -1.285

Type  : Slow 1200mV 85C Model Minimum Pulse Width 'upcounter:inst8|debouncer:inst6|clock_divider_1024:inst1|inst10'
Slack : -1.285
TNS   : -1.285

Type  : Slow 1200mV 85C Model Minimum Pulse Width 'upcounter:inst8|debouncer:inst6|inst2'
Slack : -1.285
TNS   : -1.285

Type  : Slow 1200mV 85C Model Minimum Pulse Width 'upcounter:inst9|debouncer:inst6|clock_divider_1024:inst1|inst10'
Slack : -1.285
TNS   : -1.285

Type  : Slow 1200mV 85C Model Minimum Pulse Width 'upcounter:inst9|debouncer:inst6|inst2'
Slack : -1.285
TNS   : -1.285

Type  : Slow 1200mV 0C Model Setup 'BoardClock'
Slack : -2.778
TNS   : -39.767

Type  : Slow 1200mV 0C Model Setup 'upcounter:inst7|debouncer:inst6|clock_divider_1024:inst|inst10'
Slack : -2.377
TNS   : -5.352

Type  : Slow 1200mV 0C Model Setup 'ledPatternGen:inst19|nineCounter:ledset3|clock_generator:inst|clock_divider_1024:inst103|inst10'
Slack : -2.330
TNS   : -5.461

Type  : Slow 1200mV 0C Model Setup 'ledPatternGen:inst19|nineCounter:ledset8|clock_generator:inst|clock_divider_1024:inst103|inst10'
Slack : -2.255
TNS   : -4.147

Type  : Slow 1200mV 0C Model Setup 'upcounter:inst9|debouncer:inst6|clock_divider_1024:inst|inst10'
Slack : -2.249
TNS   : -5.707

Type  : Slow 1200mV 0C Model Setup 'upcounter:inst111|debouncer:inst6|clock_divider_1024:inst|inst10'
Slack : -2.244
TNS   : -3.960

Type  : Slow 1200mV 0C Model Setup 'upcounter:inst1|debouncer:inst6|clock_divider_1024:inst|inst10'
Slack : -2.233
TNS   : -4.535

Type  : Slow 1200mV 0C Model Setup 'ledPatternGen:inst19|nineCounter:ledset1|clock_generator:inst|clock_divider_1024:inst103|inst10'
Slack : -2.225
TNS   : -4.057

Type  : Slow 1200mV 0C Model Setup 'ledPatternGen:inst19|nineCounter:ledset6|clock_generator:inst|clock_divider_1024:inst103|inst10'
Slack : -2.223
TNS   : -4.618

Type  : Slow 1200mV 0C Model Setup 'ledPatternGen:inst19|nineCounter:ledset2|clock_generator:inst|clock_divider_1024:inst103|inst10'
Slack : -2.209
TNS   : -4.420

Type  : Slow 1200mV 0C Model Setup 'ledPatternGen:inst19|nineCounter:ledset4|clock_generator:inst|clock_divider_1024:inst103|inst10'
Slack : -2.179
TNS   : -5.187

Type  : Slow 1200mV 0C Model Setup 'upcounter:inst10|debouncer:inst6|clock_divider_1024:inst|inst10'
Slack : -2.179
TNS   : -5.119

Type  : Slow 1200mV 0C Model Setup 'ledPatternGen:inst19|nineCounter:ledset5|clock_generator:inst|clock_divider_1024:inst103|inst10'
Slack : -2.176
TNS   : -5.283

Type  : Slow 1200mV 0C Model Setup 'upcounter:inst3|debouncer:inst6|clock_divider_1024:inst|inst10'
Slack : -2.173
TNS   : -5.088

Type  : Slow 1200mV 0C Model Setup 'upcounter:inst2|debouncer:inst6|clock_divider_1024:inst|inst10'
Slack : -2.165
TNS   : -4.793

Type  : Slow 1200mV 0C Model Setup 'upcounter:inst8|debouncer:inst6|clock_divider_1024:inst|inst10'
Slack : -2.161
TNS   : -4.336

Type  : Slow 1200mV 0C Model Setup 'ledPatternGen:inst19|nineCounter:ledset7|clock_generator:inst|clock_divider_1024:inst103|inst10'
Slack : -2.126
TNS   : -4.979

Type  : Slow 1200mV 0C Model Setup 'ledPatternGen:inst19|nineCounter:ledset1|clock_generator:inst|clock_divider_1024:inst102|inst10'
Slack : -1.688
TNS   : -2.988

Type  : Slow 1200mV 0C Model Setup 'ledPatternGen:inst19|nineCounter:ledset3|clock_generator:inst|clock_divider_1024:inst102|inst10'
Slack : -1.646
TNS   : -2.601

Type  : Slow 1200mV 0C Model Setup 'ledPatternGen:inst19|nineCounter:ledset2|clock_generator:inst|clock_divider_1024:inst102|inst10'
Slack : -1.617
TNS   : -2.832

Type  : Slow 1200mV 0C Model Setup 'ledPatternGen:inst19|nineCounter:ledset5|clock_generator:inst|clock_divider_1024:inst102|inst10'
Slack : -1.214
TNS   : -2.581

Type  : Slow 1200mV 0C Model Setup 'ledPatternGen:inst19|nineCounter:ledset6|clock_generator:inst|clock_divider_1024:inst102|inst10'
Slack : -1.205
TNS   : -2.492

Type  : Slow 1200mV 0C Model Setup 'ledPatternGen:inst19|nineCounter:ledset4|clock_generator:inst|clock_divider_1024:inst102|inst10'
Slack : -1.180
TNS   : -2.203

Type  : Slow 1200mV 0C Model Setup 'ledPatternGen:inst19|nineCounter:ledset8|clock_generator:inst|clock_divider_1024:inst102|inst10'
Slack : -1.112
TNS   : -2.092

Type  : Slow 1200mV 0C Model Setup 'ledPatternGen:inst19|nineCounter:ledset7|clock_generator:inst|clock_divider_1024:inst102|inst10'
Slack : -1.111
TNS   : -2.109

Type  : Slow 1200mV 0C Model Setup 'upcounter:inst111|inst1'
Slack : -0.747
TNS   : -0.747

Type  : Slow 1200mV 0C Model Setup 'upcounter:inst111|inst389025'
Slack : -0.613
TNS   : -0.613

Type  : Slow 1200mV 0C Model Setup 'upcounter:inst1|inst389025'
Slack : -0.597
TNS   : -0.597

Type  : Slow 1200mV 0C Model Setup 'upcounter:inst1|inst1'
Slack : -0.589
TNS   : -0.589

Type  : Slow 1200mV 0C Model Setup 'upcounter:inst8|inst1'
Slack : -0.589
TNS   : -0.589

Type  : Slow 1200mV 0C Model Setup 'upcounter:inst7|inst389025'
Slack : -0.567
TNS   : -0.567

Type  : Slow 1200mV 0C Model Setup 'upcounter:inst8|inst389025'
Slack : -0.548
TNS   : -0.548

Type  : Slow 1200mV 0C Model Setup 'upcounter:inst7|debouncer:inst6|inst2'
Slack : -0.518
TNS   : -0.518

Type  : Slow 1200mV 0C Model Setup 'upcounter:inst9|inst389025'
Slack : -0.493
TNS   : -0.493

Type  : Slow 1200mV 0C Model Setup 'upcounter:inst8|debouncer:inst6|inst2'
Slack : -0.478
TNS   : -0.478

Type  : Slow 1200mV 0C Model Setup 'upcounter:inst3|debouncer:inst6|inst2'
Slack : -0.464
TNS   : -0.464

Type  : Slow 1200mV 0C Model Setup 'upcounter:inst3|inst1'
Slack : -0.462
TNS   : -0.462

Type  : Slow 1200mV 0C Model Setup 'upcounter:inst2|debouncer:inst6|inst2'
Slack : -0.437
TNS   : -0.437

Type  : Slow 1200mV 0C Model Setup 'upcounter:inst10|debouncer:inst6|inst2'
Slack : -0.432
TNS   : -0.432

Type  : Slow 1200mV 0C Model Setup 'upcounter:inst9|debouncer:inst6|inst2'
Slack : -0.426
TNS   : -0.426

Type  : Slow 1200mV 0C Model Setup 'upcounter:inst2|inst389025'
Slack : -0.424
TNS   : -0.424

Type  : Slow 1200mV 0C Model Setup 'upcounter:inst7|inst1'
Slack : -0.411
TNS   : -0.411

Type  : Slow 1200mV 0C Model Setup 'upcounter:inst9|inst1'
Slack : -0.389
TNS   : -0.389

Type  : Slow 1200mV 0C Model Setup 'upcounter:inst10|inst389025'
Slack : -0.387
TNS   : -0.387

Type  : Slow 1200mV 0C Model Setup 'upcounter:inst2|inst1'
Slack : -0.375
TNS   : -0.375

Type  : Slow 1200mV 0C Model Setup 'upcounter:inst111|debouncer:inst6|inst2'
Slack : -0.346
TNS   : -0.346

Type  : Slow 1200mV 0C Model Setup 'upcounter:inst10|inst1'
Slack : -0.304
TNS   : -0.304

Type  : Slow 1200mV 0C Model Setup 'upcounter:inst1|debouncer:inst6|inst2'
Slack : -0.284
TNS   : -0.284

Type  : Slow 1200mV 0C Model Setup 'upcounter:inst3|inst389025'
Slack : -0.284
TNS   : -0.284

Type  : Slow 1200mV 0C Model Setup 'ledPatternGen:inst19|nineCounter:ledset6|clock_generator:inst|inst7'
Slack : -0.074
TNS   : -0.173

Type  : Slow 1200mV 0C Model Setup 'ledPatternGen:inst19|nineCounter:ledset5|clock_generator:inst|inst7'
Slack : -0.074
TNS   : -0.168

Type  : Slow 1200mV 0C Model Setup 'ledPatternGen:inst19|nineCounter:ledset8|clock_generator:inst|inst7'
Slack : -0.074
TNS   : -0.167

Type  : Slow 1200mV 0C Model Setup 'ledPatternGen:inst19|nineCounter:ledset2|clock_generator:inst|inst7'
Slack : -0.073
TNS   : -0.166

Type  : Slow 1200mV 0C Model Setup 'ledPatternGen:inst19|nineCounter:ledset7|clock_generator:inst|inst7'
Slack : -0.073
TNS   : -0.166

Type  : Slow 1200mV 0C Model Setup 'ledPatternGen:inst19|nineCounter:ledset3|clock_generator:inst|inst7'
Slack : -0.072
TNS   : -0.163

Type  : Slow 1200mV 0C Model Setup 'ledPatternGen:inst19|nineCounter:ledset1|clock_generator:inst|inst7'
Slack : -0.071
TNS   : -0.163

Type  : Slow 1200mV 0C Model Setup 'ledPatternGen:inst19|nineCounter:ledset4|clock_generator:inst|inst7'
Slack : -0.071
TNS   : -0.162

Type  : Slow 1200mV 0C Model Setup 'upcounter:inst10|inst2'
Slack : 0.297
TNS   : 0.000

Type  : Slow 1200mV 0C Model Setup 'upcounter:inst111|inst2'
Slack : 0.297
TNS   : 0.000

Type  : Slow 1200mV 0C Model Setup 'upcounter:inst1|inst2'
Slack : 0.297
TNS   : 0.000

Type  : Slow 1200mV 0C Model Setup 'upcounter:inst2|inst2'
Slack : 0.297
TNS   : 0.000

Type  : Slow 1200mV 0C Model Setup 'upcounter:inst3|inst2'
Slack : 0.297
TNS   : 0.000

Type  : Slow 1200mV 0C Model Setup 'upcounter:inst7|inst2'
Slack : 0.297
TNS   : 0.000

Type  : Slow 1200mV 0C Model Setup 'upcounter:inst8|inst2'
Slack : 0.297
TNS   : 0.000

Type  : Slow 1200mV 0C Model Setup 'upcounter:inst9|inst2'
Slack : 0.297
TNS   : 0.000

Type  : Slow 1200mV 0C Model Hold 'ledPatternGen:inst19|nineCounter:ledset2|clock_generator:inst|clock_divider_1024:inst103|inst10'
Slack : 0.352
TNS   : 0.000

Type  : Slow 1200mV 0C Model Hold 'BoardClock'
Slack : 0.353
TNS   : 0.000

Type  : Slow 1200mV 0C Model Hold 'ledPatternGen:inst19|nineCounter:ledset1|clock_generator:inst|clock_divider_1024:inst103|inst10'
Slack : 0.353
TNS   : 0.000

Type  : Slow 1200mV 0C Model Hold 'upcounter:inst10|debouncer:inst6|clock_divider_1024:inst|inst10'
Slack : 0.353
TNS   : 0.000

Type  : Slow 1200mV 0C Model Hold 'upcounter:inst2|debouncer:inst6|clock_divider_1024:inst|inst10'
Slack : 0.353
TNS   : 0.000

Type  : Slow 1200mV 0C Model Hold 'ledPatternGen:inst19|nineCounter:ledset3|clock_generator:inst|clock_divider_1024:inst103|inst10'
Slack : 0.354
TNS   : 0.000

Type  : Slow 1200mV 0C Model Hold 'ledPatternGen:inst19|nineCounter:ledset5|clock_generator:inst|clock_divider_1024:inst103|inst10'
Slack : 0.354
TNS   : 0.000

Type  : Slow 1200mV 0C Model Hold 'ledPatternGen:inst19|nineCounter:ledset6|clock_generator:inst|clock_divider_1024:inst103|inst10'
Slack : 0.354
TNS   : 0.000

Type  : Slow 1200mV 0C Model Hold 'ledPatternGen:inst19|nineCounter:ledset7|clock_generator:inst|clock_divider_1024:inst103|inst10'
Slack : 0.354
TNS   : 0.000

Type  : Slow 1200mV 0C Model Hold 'upcounter:inst111|debouncer:inst6|clock_divider_1024:inst|inst10'
Slack : 0.354
TNS   : 0.000

Type  : Slow 1200mV 0C Model Hold 'upcounter:inst1|debouncer:inst6|clock_divider_1024:inst|inst10'
Slack : 0.354
TNS   : 0.000

Type  : Slow 1200mV 0C Model Hold 'upcounter:inst3|debouncer:inst6|clock_divider_1024:inst|inst10'
Slack : 0.354
TNS   : 0.000

Type  : Slow 1200mV 0C Model Hold 'upcounter:inst7|debouncer:inst6|clock_divider_1024:inst|inst10'
Slack : 0.354
TNS   : 0.000

Type  : Slow 1200mV 0C Model Hold 'upcounter:inst8|debouncer:inst6|clock_divider_1024:inst|inst10'
Slack : 0.354
TNS   : 0.000

Type  : Slow 1200mV 0C Model Hold 'upcounter:inst9|debouncer:inst6|clock_divider_1024:inst|inst10'
Slack : 0.354
TNS   : 0.000

Type  : Slow 1200mV 0C Model Hold 'ledPatternGen:inst19|nineCounter:ledset1|clock_generator:inst|clock_divider_1024:inst102|inst10'
Slack : 0.355
TNS   : 0.000

Type  : Slow 1200mV 0C Model Hold 'ledPatternGen:inst19|nineCounter:ledset4|clock_generator:inst|clock_divider_1024:inst103|inst10'
Slack : 0.355
TNS   : 0.000

Type  : Slow 1200mV 0C Model Hold 'ledPatternGen:inst19|nineCounter:ledset2|clock_generator:inst|clock_divider_1024:inst102|inst10'
Slack : 0.356
TNS   : 0.000

Type  : Slow 1200mV 0C Model Hold 'ledPatternGen:inst19|nineCounter:ledset3|clock_generator:inst|clock_divider_1024:inst102|inst10'
Slack : 0.356
TNS   : 0.000

Type  : Slow 1200mV 0C Model Hold 'ledPatternGen:inst19|nineCounter:ledset8|clock_generator:inst|clock_divider_1024:inst103|inst10'
Slack : 0.356
TNS   : 0.000

Type  : Slow 1200mV 0C Model Hold 'ledPatternGen:inst19|nineCounter:ledset1|clock_generator:inst|inst7'
Slack : 0.387
TNS   : 0.000

Type  : Slow 1200mV 0C Model Hold 'ledPatternGen:inst19|nineCounter:ledset2|clock_generator:inst|inst7'
Slack : 0.387
TNS   : 0.000

Type  : Slow 1200mV 0C Model Hold 'ledPatternGen:inst19|nineCounter:ledset3|clock_generator:inst|inst7'
Slack : 0.387
TNS   : 0.000

Type  : Slow 1200mV 0C Model Hold 'ledPatternGen:inst19|nineCounter:ledset4|clock_generator:inst|clock_divider_1024:inst102|inst10'
Slack : 0.387
TNS   : 0.000

Type  : Slow 1200mV 0C Model Hold 'ledPatternGen:inst19|nineCounter:ledset4|clock_generator:inst|inst7'
Slack : 0.387
TNS   : 0.000

Type  : Slow 1200mV 0C Model Hold 'ledPatternGen:inst19|nineCounter:ledset5|clock_generator:inst|clock_divider_1024:inst102|inst10'
Slack : 0.387
TNS   : 0.000

Type  : Slow 1200mV 0C Model Hold 'ledPatternGen:inst19|nineCounter:ledset5|clock_generator:inst|inst7'
Slack : 0.387
TNS   : 0.000

Type  : Slow 1200mV 0C Model Hold 'ledPatternGen:inst19|nineCounter:ledset6|clock_generator:inst|clock_divider_1024:inst102|inst10'
Slack : 0.387
TNS   : 0.000

Type  : Slow 1200mV 0C Model Hold 'ledPatternGen:inst19|nineCounter:ledset6|clock_generator:inst|inst7'
Slack : 0.387
TNS   : 0.000

Type  : Slow 1200mV 0C Model Hold 'ledPatternGen:inst19|nineCounter:ledset7|clock_generator:inst|clock_divider_1024:inst102|inst10'
Slack : 0.387
TNS   : 0.000

Type  : Slow 1200mV 0C Model Hold 'ledPatternGen:inst19|nineCounter:ledset7|clock_generator:inst|inst7'
Slack : 0.387
TNS   : 0.000

Type  : Slow 1200mV 0C Model Hold 'ledPatternGen:inst19|nineCounter:ledset8|clock_generator:inst|clock_divider_1024:inst102|inst10'
Slack : 0.387
TNS   : 0.000

Type  : Slow 1200mV 0C Model Hold 'ledPatternGen:inst19|nineCounter:ledset8|clock_generator:inst|inst7'
Slack : 0.387
TNS   : 0.000

Type  : Slow 1200mV 0C Model Hold 'upcounter:inst10|inst2'
Slack : 0.398
TNS   : 0.000

Type  : Slow 1200mV 0C Model Hold 'upcounter:inst111|inst2'
Slack : 0.398
TNS   : 0.000

Type  : Slow 1200mV 0C Model Hold 'upcounter:inst1|inst2'
Slack : 0.398
TNS   : 0.000

Type  : Slow 1200mV 0C Model Hold 'upcounter:inst2|inst2'
Slack : 0.398
TNS   : 0.000

Type  : Slow 1200mV 0C Model Hold 'upcounter:inst3|inst2'
Slack : 0.398
TNS   : 0.000

Type  : Slow 1200mV 0C Model Hold 'upcounter:inst7|inst2'
Slack : 0.398
TNS   : 0.000

Type  : Slow 1200mV 0C Model Hold 'upcounter:inst8|inst2'
Slack : 0.398
TNS   : 0.000

Type  : Slow 1200mV 0C Model Hold 'upcounter:inst9|inst2'
Slack : 0.398
TNS   : 0.000

Type  : Slow 1200mV 0C Model Hold 'upcounter:inst1|debouncer:inst6|inst2'
Slack : 0.432
TNS   : 0.000

Type  : Slow 1200mV 0C Model Hold 'upcounter:inst9|debouncer:inst6|inst2'
Slack : 0.450
TNS   : 0.000

Type  : Slow 1200mV 0C Model Hold 'upcounter:inst10|debouncer:inst6|inst2'
Slack : 0.464
TNS   : 0.000

Type  : Slow 1200mV 0C Model Hold 'upcounter:inst2|debouncer:inst6|inst2'
Slack : 0.465
TNS   : 0.000

Type  : Slow 1200mV 0C Model Hold 'upcounter:inst111|debouncer:inst6|inst2'
Slack : 0.476
TNS   : 0.000

Type  : Slow 1200mV 0C Model Hold 'upcounter:inst2|inst1'
Slack : 0.486
TNS   : 0.000

Type  : Slow 1200mV 0C Model Hold 'upcounter:inst7|inst1'
Slack : 0.490
TNS   : 0.000

Type  : Slow 1200mV 0C Model Hold 'upcounter:inst3|debouncer:inst6|inst2'
Slack : 0.498
TNS   : 0.000

Type  : Slow 1200mV 0C Model Hold 'upcounter:inst8|debouncer:inst6|inst2'
Slack : 0.516
TNS   : 0.000

Type  : Slow 1200mV 0C Model Hold 'upcounter:inst3|inst389025'
Slack : 0.531
TNS   : 0.000

Type  : Slow 1200mV 0C Model Hold 'upcounter:inst10|inst1'
Slack : 0.548
TNS   : 0.000

Type  : Slow 1200mV 0C Model Hold 'upcounter:inst7|debouncer:inst6|inst2'
Slack : 0.548
TNS   : 0.000

Type  : Slow 1200mV 0C Model Hold 'upcounter:inst2|inst389025'
Slack : 0.574
TNS   : 0.000

Type  : Slow 1200mV 0C Model Hold 'upcounter:inst10|inst389025'
Slack : 0.587
TNS   : 0.000

Type  : Slow 1200mV 0C Model Hold 'upcounter:inst9|inst1'
Slack : 0.592
TNS   : 0.000

Type  : Slow 1200mV 0C Model Hold 'upcounter:inst8|inst389025'
Slack : 0.608
TNS   : 0.000

Type  : Slow 1200mV 0C Model Hold 'upcounter:inst7|inst389025'
Slack : 0.632
TNS   : 0.000

Type  : Slow 1200mV 0C Model Hold 'upcounter:inst1|inst1'
Slack : 0.647
TNS   : 0.000

Type  : Slow 1200mV 0C Model Hold 'upcounter:inst1|inst389025'
Slack : 0.649
TNS   : 0.000

Type  : Slow 1200mV 0C Model Hold 'upcounter:inst8|inst1'
Slack : 0.669
TNS   : 0.000

Type  : Slow 1200mV 0C Model Hold 'upcounter:inst9|inst389025'
Slack : 0.674
TNS   : 0.000

Type  : Slow 1200mV 0C Model Hold 'upcounter:inst3|inst1'
Slack : 0.675
TNS   : 0.000

Type  : Slow 1200mV 0C Model Hold 'upcounter:inst111|inst389025'
Slack : 0.761
TNS   : 0.000

Type  : Slow 1200mV 0C Model Hold 'upcounter:inst111|inst1'
Slack : 0.906
TNS   : 0.000

Type  : Slow 1200mV 0C Model Recovery 'ledPatternGen:inst19|nineCounter:ledset5|clock_generator:inst|inst7'
Slack : -5.327
TNS   : -15.981

Type  : Slow 1200mV 0C Model Recovery 'ledPatternGen:inst19|nineCounter:ledset6|clock_generator:inst|inst7'
Slack : -5.251
TNS   : -15.753

Type  : Slow 1200mV 0C Model Recovery 'ledPatternGen:inst19|nineCounter:ledset1|clock_generator:inst|inst7'
Slack : -5.230
TNS   : -15.690

Type  : Slow 1200mV 0C Model Recovery 'ledPatternGen:inst19|nineCounter:ledset3|clock_generator:inst|inst7'
Slack : -5.228
TNS   : -15.684

Type  : Slow 1200mV 0C Model Recovery 'ledPatternGen:inst19|nineCounter:ledset2|clock_generator:inst|inst7'
Slack : -5.220
TNS   : -15.660

Type  : Slow 1200mV 0C Model Recovery 'ledPatternGen:inst19|nineCounter:ledset8|clock_generator:inst|inst7'
Slack : -5.093
TNS   : -15.279

Type  : Slow 1200mV 0C Model Recovery 'ledPatternGen:inst19|nineCounter:ledset4|clock_generator:inst|inst7'
Slack : -5.012
TNS   : -15.036

Type  : Slow 1200mV 0C Model Recovery 'ledPatternGen:inst19|nineCounter:ledset7|clock_generator:inst|inst7'
Slack : -4.854
TNS   : -14.562

Type  : Slow 1200mV 0C Model Removal 'ledPatternGen:inst19|nineCounter:ledset7|clock_generator:inst|inst7'
Slack : 3.953
TNS   : 0.000

Type  : Slow 1200mV 0C Model Removal 'ledPatternGen:inst19|nineCounter:ledset4|clock_generator:inst|inst7'
Slack : 4.117
TNS   : 0.000

Type  : Slow 1200mV 0C Model Removal 'ledPatternGen:inst19|nineCounter:ledset8|clock_generator:inst|inst7'
Slack : 4.149
TNS   : 0.000

Type  : Slow 1200mV 0C Model Removal 'ledPatternGen:inst19|nineCounter:ledset2|clock_generator:inst|inst7'
Slack : 4.287
TNS   : 0.000

Type  : Slow 1200mV 0C Model Removal 'ledPatternGen:inst19|nineCounter:ledset3|clock_generator:inst|inst7'
Slack : 4.292
TNS   : 0.000

Type  : Slow 1200mV 0C Model Removal 'ledPatternGen:inst19|nineCounter:ledset1|clock_generator:inst|inst7'
Slack : 4.294
TNS   : 0.000

Type  : Slow 1200mV 0C Model Removal 'ledPatternGen:inst19|nineCounter:ledset6|clock_generator:inst|inst7'
Slack : 4.309
TNS   : 0.000

Type  : Slow 1200mV 0C Model Removal 'ledPatternGen:inst19|nineCounter:ledset5|clock_generator:inst|inst7'
Slack : 4.409
TNS   : 0.000

Type  : Slow 1200mV 0C Model Minimum Pulse Width 'BoardClock'
Slack : -3.000
TNS   : -32.555

Type  : Slow 1200mV 0C Model Minimum Pulse Width 'ledPatternGen:inst19|nineCounter:ledset1|clock_generator:inst|clock_divider_1024:inst103|inst10'
Slack : -1.285
TNS   : -10.280

Type  : Slow 1200mV 0C Model Minimum Pulse Width 'ledPatternGen:inst19|nineCounter:ledset2|clock_generator:inst|clock_divider_1024:inst103|inst10'
Slack : -1.285
TNS   : -10.280

Type  : Slow 1200mV 0C Model Minimum Pulse Width 'ledPatternGen:inst19|nineCounter:ledset3|clock_generator:inst|clock_divider_1024:inst103|inst10'
Slack : -1.285
TNS   : -10.280

Type  : Slow 1200mV 0C Model Minimum Pulse Width 'ledPatternGen:inst19|nineCounter:ledset4|clock_generator:inst|clock_divider_1024:inst103|inst10'
Slack : -1.285
TNS   : -10.280

Type  : Slow 1200mV 0C Model Minimum Pulse Width 'ledPatternGen:inst19|nineCounter:ledset5|clock_generator:inst|clock_divider_1024:inst103|inst10'
Slack : -1.285
TNS   : -10.280

Type  : Slow 1200mV 0C Model Minimum Pulse Width 'ledPatternGen:inst19|nineCounter:ledset6|clock_generator:inst|clock_divider_1024:inst103|inst10'
Slack : -1.285
TNS   : -10.280

Type  : Slow 1200mV 0C Model Minimum Pulse Width 'ledPatternGen:inst19|nineCounter:ledset7|clock_generator:inst|clock_divider_1024:inst103|inst10'
Slack : -1.285
TNS   : -10.280

Type  : Slow 1200mV 0C Model Minimum Pulse Width 'ledPatternGen:inst19|nineCounter:ledset8|clock_generator:inst|clock_divider_1024:inst103|inst10'
Slack : -1.285
TNS   : -10.280

Type  : Slow 1200mV 0C Model Minimum Pulse Width 'upcounter:inst10|debouncer:inst6|clock_divider_1024:inst|inst10'
Slack : -1.285
TNS   : -10.280

Type  : Slow 1200mV 0C Model Minimum Pulse Width 'upcounter:inst111|debouncer:inst6|clock_divider_1024:inst|inst10'
Slack : -1.285
TNS   : -10.280

Type  : Slow 1200mV 0C Model Minimum Pulse Width 'upcounter:inst1|debouncer:inst6|clock_divider_1024:inst|inst10'
Slack : -1.285
TNS   : -10.280

Type  : Slow 1200mV 0C Model Minimum Pulse Width 'upcounter:inst2|debouncer:inst6|clock_divider_1024:inst|inst10'
Slack : -1.285
TNS   : -10.280

Type  : Slow 1200mV 0C Model Minimum Pulse Width 'upcounter:inst3|debouncer:inst6|clock_divider_1024:inst|inst10'
Slack : -1.285
TNS   : -10.280

Type  : Slow 1200mV 0C Model Minimum Pulse Width 'upcounter:inst7|debouncer:inst6|clock_divider_1024:inst|inst10'
Slack : -1.285
TNS   : -10.280

Type  : Slow 1200mV 0C Model Minimum Pulse Width 'upcounter:inst8|debouncer:inst6|clock_divider_1024:inst|inst10'
Slack : -1.285
TNS   : -10.280

Type  : Slow 1200mV 0C Model Minimum Pulse Width 'upcounter:inst9|debouncer:inst6|clock_divider_1024:inst|inst10'
Slack : -1.285
TNS   : -10.280

Type  : Slow 1200mV 0C Model Minimum Pulse Width 'ledPatternGen:inst19|nineCounter:ledset1|clock_generator:inst|clock_divider_1024:inst102|inst10'
Slack : -1.285
TNS   : -8.995

Type  : Slow 1200mV 0C Model Minimum Pulse Width 'ledPatternGen:inst19|nineCounter:ledset2|clock_generator:inst|clock_divider_1024:inst102|inst10'
Slack : -1.285
TNS   : -8.995

Type  : Slow 1200mV 0C Model Minimum Pulse Width 'ledPatternGen:inst19|nineCounter:ledset3|clock_generator:inst|clock_divider_1024:inst102|inst10'
Slack : -1.285
TNS   : -8.995

Type  : Slow 1200mV 0C Model Minimum Pulse Width 'ledPatternGen:inst19|nineCounter:ledset4|clock_generator:inst|clock_divider_1024:inst102|inst10'
Slack : -1.285
TNS   : -8.995

Type  : Slow 1200mV 0C Model Minimum Pulse Width 'ledPatternGen:inst19|nineCounter:ledset5|clock_generator:inst|clock_divider_1024:inst102|inst10'
Slack : -1.285
TNS   : -8.995

Type  : Slow 1200mV 0C Model Minimum Pulse Width 'ledPatternGen:inst19|nineCounter:ledset6|clock_generator:inst|clock_divider_1024:inst102|inst10'
Slack : -1.285
TNS   : -8.995

Type  : Slow 1200mV 0C Model Minimum Pulse Width 'ledPatternGen:inst19|nineCounter:ledset7|clock_generator:inst|clock_divider_1024:inst102|inst10'
Slack : -1.285
TNS   : -8.995

Type  : Slow 1200mV 0C Model Minimum Pulse Width 'ledPatternGen:inst19|nineCounter:ledset8|clock_generator:inst|clock_divider_1024:inst102|inst10'
Slack : -1.285
TNS   : -8.995

Type  : Slow 1200mV 0C Model Minimum Pulse Width 'ledPatternGen:inst19|nineCounter:ledset1|clock_generator:inst|inst7'
Slack : -1.285
TNS   : -3.855

Type  : Slow 1200mV 0C Model Minimum Pulse Width 'ledPatternGen:inst19|nineCounter:ledset2|clock_generator:inst|inst7'
Slack : -1.285
TNS   : -3.855

Type  : Slow 1200mV 0C Model Minimum Pulse Width 'ledPatternGen:inst19|nineCounter:ledset3|clock_generator:inst|inst7'
Slack : -1.285
TNS   : -3.855

Type  : Slow 1200mV 0C Model Minimum Pulse Width 'ledPatternGen:inst19|nineCounter:ledset4|clock_generator:inst|inst7'
Slack : -1.285
TNS   : -3.855

Type  : Slow 1200mV 0C Model Minimum Pulse Width 'ledPatternGen:inst19|nineCounter:ledset5|clock_generator:inst|inst7'
Slack : -1.285
TNS   : -3.855

Type  : Slow 1200mV 0C Model Minimum Pulse Width 'ledPatternGen:inst19|nineCounter:ledset6|clock_generator:inst|inst7'
Slack : -1.285
TNS   : -3.855

Type  : Slow 1200mV 0C Model Minimum Pulse Width 'ledPatternGen:inst19|nineCounter:ledset7|clock_generator:inst|inst7'
Slack : -1.285
TNS   : -3.855

Type  : Slow 1200mV 0C Model Minimum Pulse Width 'ledPatternGen:inst19|nineCounter:ledset8|clock_generator:inst|inst7'
Slack : -1.285
TNS   : -3.855

Type  : Slow 1200mV 0C Model Minimum Pulse Width 'upcounter:inst10|inst1'
Slack : -1.285
TNS   : -2.570

Type  : Slow 1200mV 0C Model Minimum Pulse Width 'upcounter:inst10|inst2'
Slack : -1.285
TNS   : -2.570

Type  : Slow 1200mV 0C Model Minimum Pulse Width 'upcounter:inst10|inst389025'
Slack : -1.285
TNS   : -2.570

Type  : Slow 1200mV 0C Model Minimum Pulse Width 'upcounter:inst111|inst1'
Slack : -1.285
TNS   : -2.570

Type  : Slow 1200mV 0C Model Minimum Pulse Width 'upcounter:inst111|inst2'
Slack : -1.285
TNS   : -2.570

Type  : Slow 1200mV 0C Model Minimum Pulse Width 'upcounter:inst111|inst389025'
Slack : -1.285
TNS   : -2.570

Type  : Slow 1200mV 0C Model Minimum Pulse Width 'upcounter:inst1|inst1'
Slack : -1.285
TNS   : -2.570

Type  : Slow 1200mV 0C Model Minimum Pulse Width 'upcounter:inst1|inst2'
Slack : -1.285
TNS   : -2.570

Type  : Slow 1200mV 0C Model Minimum Pulse Width 'upcounter:inst1|inst389025'
Slack : -1.285
TNS   : -2.570

Type  : Slow 1200mV 0C Model Minimum Pulse Width 'upcounter:inst2|inst1'
Slack : -1.285
TNS   : -2.570

Type  : Slow 1200mV 0C Model Minimum Pulse Width 'upcounter:inst2|inst2'
Slack : -1.285
TNS   : -2.570

Type  : Slow 1200mV 0C Model Minimum Pulse Width 'upcounter:inst2|inst389025'
Slack : -1.285
TNS   : -2.570

Type  : Slow 1200mV 0C Model Minimum Pulse Width 'upcounter:inst3|inst1'
Slack : -1.285
TNS   : -2.570

Type  : Slow 1200mV 0C Model Minimum Pulse Width 'upcounter:inst3|inst2'
Slack : -1.285
TNS   : -2.570

Type  : Slow 1200mV 0C Model Minimum Pulse Width 'upcounter:inst3|inst389025'
Slack : -1.285
TNS   : -2.570

Type  : Slow 1200mV 0C Model Minimum Pulse Width 'upcounter:inst7|inst1'
Slack : -1.285
TNS   : -2.570

Type  : Slow 1200mV 0C Model Minimum Pulse Width 'upcounter:inst7|inst2'
Slack : -1.285
TNS   : -2.570

Type  : Slow 1200mV 0C Model Minimum Pulse Width 'upcounter:inst7|inst389025'
Slack : -1.285
TNS   : -2.570

Type  : Slow 1200mV 0C Model Minimum Pulse Width 'upcounter:inst8|inst1'
Slack : -1.285
TNS   : -2.570

Type  : Slow 1200mV 0C Model Minimum Pulse Width 'upcounter:inst8|inst2'
Slack : -1.285
TNS   : -2.570

Type  : Slow 1200mV 0C Model Minimum Pulse Width 'upcounter:inst8|inst389025'
Slack : -1.285
TNS   : -2.570

Type  : Slow 1200mV 0C Model Minimum Pulse Width 'upcounter:inst9|inst1'
Slack : -1.285
TNS   : -2.570

Type  : Slow 1200mV 0C Model Minimum Pulse Width 'upcounter:inst9|inst2'
Slack : -1.285
TNS   : -2.570

Type  : Slow 1200mV 0C Model Minimum Pulse Width 'upcounter:inst9|inst389025'
Slack : -1.285
TNS   : -2.570

Type  : Slow 1200mV 0C Model Minimum Pulse Width 'upcounter:inst10|debouncer:inst6|clock_divider_1024:inst1|inst10'
Slack : -1.285
TNS   : -1.285

Type  : Slow 1200mV 0C Model Minimum Pulse Width 'upcounter:inst10|debouncer:inst6|inst2'
Slack : -1.285
TNS   : -1.285

Type  : Slow 1200mV 0C Model Minimum Pulse Width 'upcounter:inst111|debouncer:inst6|clock_divider_1024:inst1|inst10'
Slack : -1.285
TNS   : -1.285

Type  : Slow 1200mV 0C Model Minimum Pulse Width 'upcounter:inst111|debouncer:inst6|inst2'
Slack : -1.285
TNS   : -1.285

Type  : Slow 1200mV 0C Model Minimum Pulse Width 'upcounter:inst1|debouncer:inst6|clock_divider_1024:inst1|inst10'
Slack : -1.285
TNS   : -1.285

Type  : Slow 1200mV 0C Model Minimum Pulse Width 'upcounter:inst1|debouncer:inst6|inst2'
Slack : -1.285
TNS   : -1.285

Type  : Slow 1200mV 0C Model Minimum Pulse Width 'upcounter:inst2|debouncer:inst6|clock_divider_1024:inst1|inst10'
Slack : -1.285
TNS   : -1.285

Type  : Slow 1200mV 0C Model Minimum Pulse Width 'upcounter:inst2|debouncer:inst6|inst2'
Slack : -1.285
TNS   : -1.285

Type  : Slow 1200mV 0C Model Minimum Pulse Width 'upcounter:inst3|debouncer:inst6|clock_divider_1024:inst1|inst10'
Slack : -1.285
TNS   : -1.285

Type  : Slow 1200mV 0C Model Minimum Pulse Width 'upcounter:inst3|debouncer:inst6|inst2'
Slack : -1.285
TNS   : -1.285

Type  : Slow 1200mV 0C Model Minimum Pulse Width 'upcounter:inst7|debouncer:inst6|clock_divider_1024:inst1|inst10'
Slack : -1.285
TNS   : -1.285

Type  : Slow 1200mV 0C Model Minimum Pulse Width 'upcounter:inst7|debouncer:inst6|inst2'
Slack : -1.285
TNS   : -1.285

Type  : Slow 1200mV 0C Model Minimum Pulse Width 'upcounter:inst8|debouncer:inst6|clock_divider_1024:inst1|inst10'
Slack : -1.285
TNS   : -1.285

Type  : Slow 1200mV 0C Model Minimum Pulse Width 'upcounter:inst8|debouncer:inst6|inst2'
Slack : -1.285
TNS   : -1.285

Type  : Slow 1200mV 0C Model Minimum Pulse Width 'upcounter:inst9|debouncer:inst6|clock_divider_1024:inst1|inst10'
Slack : -1.285
TNS   : -1.285

Type  : Slow 1200mV 0C Model Minimum Pulse Width 'upcounter:inst9|debouncer:inst6|inst2'
Slack : -1.285
TNS   : -1.285

Type  : Fast 1200mV 0C Model Setup 'BoardClock'
Slack : -1.094
TNS   : -14.340

Type  : Fast 1200mV 0C Model Setup 'ledPatternGen:inst19|nineCounter:ledset4|clock_generator:inst|clock_divider_1024:inst103|inst10'
Slack : -0.890
TNS   : -0.925

Type  : Fast 1200mV 0C Model Setup 'ledPatternGen:inst19|nineCounter:ledset8|clock_generator:inst|clock_divider_1024:inst103|inst10'
Slack : -0.887
TNS   : -0.887

Type  : Fast 1200mV 0C Model Setup 'upcounter:inst3|debouncer:inst6|clock_divider_1024:inst|inst10'
Slack : -0.873
TNS   : -0.907

Type  : Fast 1200mV 0C Model Setup 'upcounter:inst7|debouncer:inst6|clock_divider_1024:inst|inst10'
Slack : -0.861
TNS   : -0.875

Type  : Fast 1200mV 0C Model Setup 'ledPatternGen:inst19|nineCounter:ledset2|clock_generator:inst|clock_divider_1024:inst103|inst10'
Slack : -0.836
TNS   : -0.836

Type  : Fast 1200mV 0C Model Setup 'ledPatternGen:inst19|nineCounter:ledset3|clock_generator:inst|clock_divider_1024:inst103|inst10'
Slack : -0.832
TNS   : -0.905

Type  : Fast 1200mV 0C Model Setup 'upcounter:inst1|debouncer:inst6|clock_divider_1024:inst|inst10'
Slack : -0.815
TNS   : -0.815

Type  : Fast 1200mV 0C Model Setup 'ledPatternGen:inst19|nineCounter:ledset7|clock_generator:inst|clock_divider_1024:inst103|inst10'
Slack : -0.796
TNS   : -0.836

Type  : Fast 1200mV 0C Model Setup 'upcounter:inst9|debouncer:inst6|clock_divider_1024:inst|inst10'
Slack : -0.792
TNS   : -1.066

Type  : Fast 1200mV 0C Model Setup 'upcounter:inst111|debouncer:inst6|clock_divider_1024:inst|inst10'
Slack : -0.792
TNS   : -0.792

Type  : Fast 1200mV 0C Model Setup 'upcounter:inst10|debouncer:inst6|clock_divider_1024:inst|inst10'
Slack : -0.773
TNS   : -0.828

Type  : Fast 1200mV 0C Model Setup 'ledPatternGen:inst19|nineCounter:ledset1|clock_generator:inst|clock_divider_1024:inst103|inst10'
Slack : -0.769
TNS   : -0.769

Type  : Fast 1200mV 0C Model Setup 'ledPatternGen:inst19|nineCounter:ledset6|clock_generator:inst|clock_divider_1024:inst103|inst10'
Slack : -0.769
TNS   : -0.769

Type  : Fast 1200mV 0C Model Setup 'ledPatternGen:inst19|nineCounter:ledset5|clock_generator:inst|clock_divider_1024:inst103|inst10'
Slack : -0.734
TNS   : -0.767

Type  : Fast 1200mV 0C Model Setup 'upcounter:inst8|debouncer:inst6|clock_divider_1024:inst|inst10'
Slack : -0.732
TNS   : -0.732

Type  : Fast 1200mV 0C Model Setup 'upcounter:inst2|debouncer:inst6|clock_divider_1024:inst|inst10'
Slack : -0.725
TNS   : -0.744

Type  : Fast 1200mV 0C Model Setup 'ledPatternGen:inst19|nineCounter:ledset3|clock_generator:inst|clock_divider_1024:inst102|inst10'
Slack : -0.533
TNS   : -0.533

Type  : Fast 1200mV 0C Model Setup 'ledPatternGen:inst19|nineCounter:ledset1|clock_generator:inst|clock_divider_1024:inst102|inst10'
Slack : -0.524
TNS   : -0.524

Type  : Fast 1200mV 0C Model Setup 'ledPatternGen:inst19|nineCounter:ledset2|clock_generator:inst|clock_divider_1024:inst102|inst10'
Slack : -0.404
TNS   : -0.404

Type  : Fast 1200mV 0C Model Setup 'ledPatternGen:inst19|nineCounter:ledset5|clock_generator:inst|clock_divider_1024:inst102|inst10'
Slack : -0.212
TNS   : -0.212

Type  : Fast 1200mV 0C Model Setup 'ledPatternGen:inst19|nineCounter:ledset6|clock_generator:inst|clock_divider_1024:inst102|inst10'
Slack : -0.177
TNS   : -0.177

Type  : Fast 1200mV 0C Model Setup 'ledPatternGen:inst19|nineCounter:ledset4|clock_generator:inst|clock_divider_1024:inst102|inst10'
Slack : -0.151
TNS   : -0.151

Type  : Fast 1200mV 0C Model Setup 'ledPatternGen:inst19|nineCounter:ledset7|clock_generator:inst|clock_divider_1024:inst102|inst10'
Slack : -0.146
TNS   : -0.146

Type  : Fast 1200mV 0C Model Setup 'ledPatternGen:inst19|nineCounter:ledset8|clock_generator:inst|clock_divider_1024:inst102|inst10'
Slack : -0.137
TNS   : -0.137

Type  : Fast 1200mV 0C Model Setup 'upcounter:inst111|inst1'
Slack : -0.101
TNS   : -0.101

Type  : Fast 1200mV 0C Model Setup 'upcounter:inst7|debouncer:inst6|inst2'
Slack : -0.046
TNS   : -0.046

Type  : Fast 1200mV 0C Model Setup 'upcounter:inst1|inst1'
Slack : -0.040
TNS   : -0.040

Type  : Fast 1200mV 0C Model Setup 'upcounter:inst8|inst1'
Slack : -0.037
TNS   : -0.037

Type  : Fast 1200mV 0C Model Setup 'upcounter:inst1|inst389025'
Slack : -0.033
TNS   : -0.033

Type  : Fast 1200mV 0C Model Setup 'upcounter:inst111|inst389025'
Slack : -0.024
TNS   : -0.024

Type  : Fast 1200mV 0C Model Setup 'upcounter:inst7|inst389025'
Slack : -0.021
TNS   : -0.021

Type  : Fast 1200mV 0C Model Setup 'upcounter:inst8|debouncer:inst6|inst2'
Slack : -0.018
TNS   : -0.018

Type  : Fast 1200mV 0C Model Setup 'upcounter:inst8|inst389025'
Slack : -0.011
TNS   : -0.011

Type  : Fast 1200mV 0C Model Setup 'upcounter:inst3|debouncer:inst6|inst2'
Slack : -0.005
TNS   : -0.005

Type  : Fast 1200mV 0C Model Setup 'upcounter:inst2|debouncer:inst6|inst2'
Slack : 0.013
TNS   : 0.000

Type  : Fast 1200mV 0C Model Setup 'upcounter:inst10|debouncer:inst6|inst2'
Slack : 0.017
TNS   : 0.000

Type  : Fast 1200mV 0C Model Setup 'upcounter:inst9|debouncer:inst6|inst2'
Slack : 0.018
TNS   : 0.000

Type  : Fast 1200mV 0C Model Setup 'upcounter:inst9|inst389025'
Slack : 0.040
TNS   : 0.000

Type  : Fast 1200mV 0C Model Setup 'upcounter:inst2|inst389025'
Slack : 0.051
TNS   : 0.000

Type  : Fast 1200mV 0C Model Setup 'upcounter:inst111|debouncer:inst6|inst2'
Slack : 0.060
TNS   : 0.000

Type  : Fast 1200mV 0C Model Setup 'upcounter:inst7|inst1'
Slack : 0.067
TNS   : 0.000

Type  : Fast 1200mV 0C Model Setup 'upcounter:inst3|inst1'
Slack : 0.072
TNS   : 0.000

Type  : Fast 1200mV 0C Model Setup 'upcounter:inst1|debouncer:inst6|inst2'
Slack : 0.109
TNS   : 0.000

Type  : Fast 1200mV 0C Model Setup 'upcounter:inst9|inst1'
Slack : 0.114
TNS   : 0.000

Type  : Fast 1200mV 0C Model Setup 'upcounter:inst10|inst389025'
Slack : 0.119
TNS   : 0.000

Type  : Fast 1200mV 0C Model Setup 'upcounter:inst2|inst1'
Slack : 0.120
TNS   : 0.000

Type  : Fast 1200mV 0C Model Setup 'upcounter:inst10|inst1'
Slack : 0.128
TNS   : 0.000

Type  : Fast 1200mV 0C Model Setup 'upcounter:inst3|inst389025'
Slack : 0.129
TNS   : 0.000

Type  : Fast 1200mV 0C Model Setup 'ledPatternGen:inst19|nineCounter:ledset6|clock_generator:inst|inst7'
Slack : 0.423
TNS   : 0.000

Type  : Fast 1200mV 0C Model Setup 'ledPatternGen:inst19|nineCounter:ledset2|clock_generator:inst|inst7'
Slack : 0.424
TNS   : 0.000

Type  : Fast 1200mV 0C Model Setup 'ledPatternGen:inst19|nineCounter:ledset4|clock_generator:inst|inst7'
Slack : 0.425
TNS   : 0.000

Type  : Fast 1200mV 0C Model Setup 'ledPatternGen:inst19|nineCounter:ledset5|clock_generator:inst|inst7'
Slack : 0.425
TNS   : 0.000

Type  : Fast 1200mV 0C Model Setup 'ledPatternGen:inst19|nineCounter:ledset1|clock_generator:inst|inst7'
Slack : 0.426
TNS   : 0.000

Type  : Fast 1200mV 0C Model Setup 'ledPatternGen:inst19|nineCounter:ledset3|clock_generator:inst|inst7'
Slack : 0.426
TNS   : 0.000

Type  : Fast 1200mV 0C Model Setup 'ledPatternGen:inst19|nineCounter:ledset7|clock_generator:inst|inst7'
Slack : 0.426
TNS   : 0.000

Type  : Fast 1200mV 0C Model Setup 'ledPatternGen:inst19|nineCounter:ledset8|clock_generator:inst|inst7'
Slack : 0.426
TNS   : 0.000

Type  : Fast 1200mV 0C Model Setup 'upcounter:inst10|inst2'
Slack : 0.624
TNS   : 0.000

Type  : Fast 1200mV 0C Model Setup 'upcounter:inst111|inst2'
Slack : 0.624
TNS   : 0.000

Type  : Fast 1200mV 0C Model Setup 'upcounter:inst1|inst2'
Slack : 0.624
TNS   : 0.000

Type  : Fast 1200mV 0C Model Setup 'upcounter:inst2|inst2'
Slack : 0.624
TNS   : 0.000

Type  : Fast 1200mV 0C Model Setup 'upcounter:inst3|inst2'
Slack : 0.624
TNS   : 0.000

Type  : Fast 1200mV 0C Model Setup 'upcounter:inst7|inst2'
Slack : 0.624
TNS   : 0.000

Type  : Fast 1200mV 0C Model Setup 'upcounter:inst8|inst2'
Slack : 0.624
TNS   : 0.000

Type  : Fast 1200mV 0C Model Setup 'upcounter:inst9|inst2'
Slack : 0.624
TNS   : 0.000

Type  : Fast 1200mV 0C Model Hold 'upcounter:inst2|inst1'
Slack : 0.169
TNS   : 0.000

Type  : Fast 1200mV 0C Model Hold 'BoardClock'
Slack : 0.180
TNS   : 0.000

Type  : Fast 1200mV 0C Model Hold 'upcounter:inst7|debouncer:inst6|clock_divider_1024:inst|inst10'
Slack : 0.180
TNS   : 0.000

Type  : Fast 1200mV 0C Model Hold 'ledPatternGen:inst19|nineCounter:ledset1|clock_generator:inst|clock_divider_1024:inst103|inst10'
Slack : 0.181
TNS   : 0.000

Type  : Fast 1200mV 0C Model Hold 'ledPatternGen:inst19|nineCounter:ledset2|clock_generator:inst|clock_divider_1024:inst103|inst10'
Slack : 0.181
TNS   : 0.000

Type  : Fast 1200mV 0C Model Hold 'ledPatternGen:inst19|nineCounter:ledset3|clock_generator:inst|clock_divider_1024:inst103|inst10'
Slack : 0.181
TNS   : 0.000

Type  : Fast 1200mV 0C Model Hold 'upcounter:inst1|debouncer:inst6|clock_divider_1024:inst|inst10'
Slack : 0.181
TNS   : 0.000

Type  : Fast 1200mV 0C Model Hold 'upcounter:inst2|debouncer:inst6|clock_divider_1024:inst|inst10'
Slack : 0.181
TNS   : 0.000

Type  : Fast 1200mV 0C Model Hold 'upcounter:inst8|debouncer:inst6|clock_divider_1024:inst|inst10'
Slack : 0.181
TNS   : 0.000

Type  : Fast 1200mV 0C Model Hold 'ledPatternGen:inst19|nineCounter:ledset1|clock_generator:inst|clock_divider_1024:inst102|inst10'
Slack : 0.182
TNS   : 0.000

Type  : Fast 1200mV 0C Model Hold 'ledPatternGen:inst19|nineCounter:ledset3|clock_generator:inst|clock_divider_1024:inst102|inst10'
Slack : 0.182
TNS   : 0.000

Type  : Fast 1200mV 0C Model Hold 'ledPatternGen:inst19|nineCounter:ledset4|clock_generator:inst|clock_divider_1024:inst103|inst10'
Slack : 0.182
TNS   : 0.000

Type  : Fast 1200mV 0C Model Hold 'ledPatternGen:inst19|nineCounter:ledset6|clock_generator:inst|clock_divider_1024:inst103|inst10'
Slack : 0.182
TNS   : 0.000

Type  : Fast 1200mV 0C Model Hold 'ledPatternGen:inst19|nineCounter:ledset8|clock_generator:inst|clock_divider_1024:inst103|inst10'
Slack : 0.182
TNS   : 0.000

Type  : Fast 1200mV 0C Model Hold 'upcounter:inst10|debouncer:inst6|clock_divider_1024:inst|inst10'
Slack : 0.182
TNS   : 0.000

Type  : Fast 1200mV 0C Model Hold 'upcounter:inst111|debouncer:inst6|clock_divider_1024:inst|inst10'
Slack : 0.182
TNS   : 0.000

Type  : Fast 1200mV 0C Model Hold 'upcounter:inst9|debouncer:inst6|clock_divider_1024:inst|inst10'
Slack : 0.182
TNS   : 0.000

Type  : Fast 1200mV 0C Model Hold 'ledPatternGen:inst19|nineCounter:ledset2|clock_generator:inst|clock_divider_1024:inst102|inst10'
Slack : 0.183
TNS   : 0.000

Type  : Fast 1200mV 0C Model Hold 'ledPatternGen:inst19|nineCounter:ledset5|clock_generator:inst|clock_divider_1024:inst103|inst10'
Slack : 0.183
TNS   : 0.000

Type  : Fast 1200mV 0C Model Hold 'ledPatternGen:inst19|nineCounter:ledset7|clock_generator:inst|clock_divider_1024:inst103|inst10'
Slack : 0.183
TNS   : 0.000

Type  : Fast 1200mV 0C Model Hold 'upcounter:inst3|debouncer:inst6|clock_divider_1024:inst|inst10'
Slack : 0.183
TNS   : 0.000

Type  : Fast 1200mV 0C Model Hold 'upcounter:inst7|inst1'
Slack : 0.192
TNS   : 0.000

Type  : Fast 1200mV 0C Model Hold 'ledPatternGen:inst19|nineCounter:ledset1|clock_generator:inst|inst7'
Slack : 0.201
TNS   : 0.000

Type  : Fast 1200mV 0C Model Hold 'ledPatternGen:inst19|nineCounter:ledset2|clock_generator:inst|inst7'
Slack : 0.201
TNS   : 0.000

Type  : Fast 1200mV 0C Model Hold 'ledPatternGen:inst19|nineCounter:ledset3|clock_generator:inst|inst7'
Slack : 0.201
TNS   : 0.000

Type  : Fast 1200mV 0C Model Hold 'ledPatternGen:inst19|nineCounter:ledset4|clock_generator:inst|clock_divider_1024:inst102|inst10'
Slack : 0.201
TNS   : 0.000

Type  : Fast 1200mV 0C Model Hold 'ledPatternGen:inst19|nineCounter:ledset4|clock_generator:inst|inst7'
Slack : 0.201
TNS   : 0.000

Type  : Fast 1200mV 0C Model Hold 'ledPatternGen:inst19|nineCounter:ledset5|clock_generator:inst|clock_divider_1024:inst102|inst10'
Slack : 0.201
TNS   : 0.000

Type  : Fast 1200mV 0C Model Hold 'ledPatternGen:inst19|nineCounter:ledset5|clock_generator:inst|inst7'
Slack : 0.201
TNS   : 0.000

Type  : Fast 1200mV 0C Model Hold 'ledPatternGen:inst19|nineCounter:ledset6|clock_generator:inst|clock_divider_1024:inst102|inst10'
Slack : 0.201
TNS   : 0.000

Type  : Fast 1200mV 0C Model Hold 'ledPatternGen:inst19|nineCounter:ledset6|clock_generator:inst|inst7'
Slack : 0.201
TNS   : 0.000

Type  : Fast 1200mV 0C Model Hold 'ledPatternGen:inst19|nineCounter:ledset7|clock_generator:inst|clock_divider_1024:inst102|inst10'
Slack : 0.201
TNS   : 0.000

Type  : Fast 1200mV 0C Model Hold 'ledPatternGen:inst19|nineCounter:ledset7|clock_generator:inst|inst7'
Slack : 0.201
TNS   : 0.000

Type  : Fast 1200mV 0C Model Hold 'ledPatternGen:inst19|nineCounter:ledset8|clock_generator:inst|clock_divider_1024:inst102|inst10'
Slack : 0.201
TNS   : 0.000

Type  : Fast 1200mV 0C Model Hold 'ledPatternGen:inst19|nineCounter:ledset8|clock_generator:inst|inst7'
Slack : 0.201
TNS   : 0.000

Type  : Fast 1200mV 0C Model Hold 'upcounter:inst10|inst2'
Slack : 0.206
TNS   : 0.000

Type  : Fast 1200mV 0C Model Hold 'upcounter:inst111|inst2'
Slack : 0.206
TNS   : 0.000

Type  : Fast 1200mV 0C Model Hold 'upcounter:inst1|inst2'
Slack : 0.206
TNS   : 0.000

Type  : Fast 1200mV 0C Model Hold 'upcounter:inst2|inst2'
Slack : 0.206
TNS   : 0.000

Type  : Fast 1200mV 0C Model Hold 'upcounter:inst3|inst2'
Slack : 0.206
TNS   : 0.000

Type  : Fast 1200mV 0C Model Hold 'upcounter:inst7|inst2'
Slack : 0.206
TNS   : 0.000

Type  : Fast 1200mV 0C Model Hold 'upcounter:inst8|inst2'
Slack : 0.206
TNS   : 0.000

Type  : Fast 1200mV 0C Model Hold 'upcounter:inst9|inst2'
Slack : 0.206
TNS   : 0.000

Type  : Fast 1200mV 0C Model Hold 'upcounter:inst9|inst1'
Slack : 0.212
TNS   : 0.000

Type  : Fast 1200mV 0C Model Hold 'upcounter:inst10|inst389025'
Slack : 0.214
TNS   : 0.000

Type  : Fast 1200mV 0C Model Hold 'upcounter:inst3|inst389025'
Slack : 0.218
TNS   : 0.000

Type  : Fast 1200mV 0C Model Hold 'upcounter:inst10|inst1'
Slack : 0.222
TNS   : 0.000

Type  : Fast 1200mV 0C Model Hold 'upcounter:inst1|debouncer:inst6|inst2'
Slack : 0.229
TNS   : 0.000

Type  : Fast 1200mV 0C Model Hold 'upcounter:inst9|debouncer:inst6|inst2'
Slack : 0.236
TNS   : 0.000

Type  : Fast 1200mV 0C Model Hold 'upcounter:inst10|debouncer:inst6|inst2'
Slack : 0.242
TNS   : 0.000

Type  : Fast 1200mV 0C Model Hold 'upcounter:inst2|debouncer:inst6|inst2'
Slack : 0.243
TNS   : 0.000

Type  : Fast 1200mV 0C Model Hold 'upcounter:inst111|debouncer:inst6|inst2'
Slack : 0.246
TNS   : 0.000

Type  : Fast 1200mV 0C Model Hold 'upcounter:inst2|inst389025'
Slack : 0.248
TNS   : 0.000

Type  : Fast 1200mV 0C Model Hold 'upcounter:inst3|inst1'
Slack : 0.256
TNS   : 0.000

Type  : Fast 1200mV 0C Model Hold 'upcounter:inst3|debouncer:inst6|inst2'
Slack : 0.264
TNS   : 0.000

Type  : Fast 1200mV 0C Model Hold 'upcounter:inst8|debouncer:inst6|inst2'
Slack : 0.269
TNS   : 0.000

Type  : Fast 1200mV 0C Model Hold 'upcounter:inst8|inst389025'
Slack : 0.269
TNS   : 0.000

Type  : Fast 1200mV 0C Model Hold 'upcounter:inst7|inst389025'
Slack : 0.289
TNS   : 0.000

Type  : Fast 1200mV 0C Model Hold 'upcounter:inst1|inst389025'
Slack : 0.291
TNS   : 0.000

Type  : Fast 1200mV 0C Model Hold 'upcounter:inst1|inst1'
Slack : 0.294
TNS   : 0.000

Type  : Fast 1200mV 0C Model Hold 'upcounter:inst9|inst389025'
Slack : 0.295
TNS   : 0.000

Type  : Fast 1200mV 0C Model Hold 'upcounter:inst111|inst389025'
Slack : 0.309
TNS   : 0.000

Type  : Fast 1200mV 0C Model Hold 'upcounter:inst8|inst1'
Slack : 0.310
TNS   : 0.000

Type  : Fast 1200mV 0C Model Hold 'upcounter:inst7|debouncer:inst6|inst2'
Slack : 0.323
TNS   : 0.000

Type  : Fast 1200mV 0C Model Hold 'upcounter:inst111|inst1'
Slack : 0.406
TNS   : 0.000

Type  : Fast 1200mV 0C Model Recovery 'ledPatternGen:inst19|nineCounter:ledset5|clock_generator:inst|inst7'
Slack : -2.316
TNS   : -6.948

Type  : Fast 1200mV 0C Model Recovery 'ledPatternGen:inst19|nineCounter:ledset6|clock_generator:inst|inst7'
Slack : -2.247
TNS   : -6.741

Type  : Fast 1200mV 0C Model Recovery 'ledPatternGen:inst19|nineCounter:ledset1|clock_generator:inst|inst7'
Slack : -2.238
TNS   : -6.714

Type  : Fast 1200mV 0C Model Recovery 'ledPatternGen:inst19|nineCounter:ledset3|clock_generator:inst|inst7'
Slack : -2.237
TNS   : -6.711

Type  : Fast 1200mV 0C Model Recovery 'ledPatternGen:inst19|nineCounter:ledset2|clock_generator:inst|inst7'
Slack : -2.231
TNS   : -6.693

Type  : Fast 1200mV 0C Model Recovery 'ledPatternGen:inst19|nineCounter:ledset8|clock_generator:inst|inst7'
Slack : -2.184
TNS   : -6.552

Type  : Fast 1200mV 0C Model Recovery 'ledPatternGen:inst19|nineCounter:ledset4|clock_generator:inst|inst7'
Slack : -2.124
TNS   : -6.372

Type  : Fast 1200mV 0C Model Recovery 'ledPatternGen:inst19|nineCounter:ledset7|clock_generator:inst|inst7'
Slack : -2.058
TNS   : -6.174

Type  : Fast 1200mV 0C Model Removal 'ledPatternGen:inst19|nineCounter:ledset7|clock_generator:inst|inst7'
Slack : 1.997
TNS   : 0.000

Type  : Fast 1200mV 0C Model Removal 'ledPatternGen:inst19|nineCounter:ledset4|clock_generator:inst|inst7'
Slack : 2.070
TNS   : 0.000

Type  : Fast 1200mV 0C Model Removal 'ledPatternGen:inst19|nineCounter:ledset8|clock_generator:inst|inst7'
Slack : 2.102
TNS   : 0.000

Type  : Fast 1200mV 0C Model Removal 'ledPatternGen:inst19|nineCounter:ledset2|clock_generator:inst|inst7'
Slack : 2.166
TNS   : 0.000

Type  : Fast 1200mV 0C Model Removal 'ledPatternGen:inst19|nineCounter:ledset3|clock_generator:inst|inst7'
Slack : 2.167
TNS   : 0.000

Type  : Fast 1200mV 0C Model Removal 'ledPatternGen:inst19|nineCounter:ledset1|clock_generator:inst|inst7'
Slack : 2.168
TNS   : 0.000

Type  : Fast 1200mV 0C Model Removal 'ledPatternGen:inst19|nineCounter:ledset6|clock_generator:inst|inst7'
Slack : 2.181
TNS   : 0.000

Type  : Fast 1200mV 0C Model Removal 'ledPatternGen:inst19|nineCounter:ledset5|clock_generator:inst|inst7'
Slack : 2.229
TNS   : 0.000

Type  : Fast 1200mV 0C Model Minimum Pulse Width 'BoardClock'
Slack : -3.000
TNS   : -27.427

Type  : Fast 1200mV 0C Model Minimum Pulse Width 'ledPatternGen:inst19|nineCounter:ledset1|clock_generator:inst|clock_divider_1024:inst103|inst10'
Slack : -1.000
TNS   : -8.000

Type  : Fast 1200mV 0C Model Minimum Pulse Width 'ledPatternGen:inst19|nineCounter:ledset2|clock_generator:inst|clock_divider_1024:inst103|inst10'
Slack : -1.000
TNS   : -8.000

Type  : Fast 1200mV 0C Model Minimum Pulse Width 'ledPatternGen:inst19|nineCounter:ledset3|clock_generator:inst|clock_divider_1024:inst103|inst10'
Slack : -1.000
TNS   : -8.000

Type  : Fast 1200mV 0C Model Minimum Pulse Width 'ledPatternGen:inst19|nineCounter:ledset4|clock_generator:inst|clock_divider_1024:inst103|inst10'
Slack : -1.000
TNS   : -8.000

Type  : Fast 1200mV 0C Model Minimum Pulse Width 'ledPatternGen:inst19|nineCounter:ledset5|clock_generator:inst|clock_divider_1024:inst103|inst10'
Slack : -1.000
TNS   : -8.000

Type  : Fast 1200mV 0C Model Minimum Pulse Width 'ledPatternGen:inst19|nineCounter:ledset6|clock_generator:inst|clock_divider_1024:inst103|inst10'
Slack : -1.000
TNS   : -8.000

Type  : Fast 1200mV 0C Model Minimum Pulse Width 'ledPatternGen:inst19|nineCounter:ledset7|clock_generator:inst|clock_divider_1024:inst103|inst10'
Slack : -1.000
TNS   : -8.000

Type  : Fast 1200mV 0C Model Minimum Pulse Width 'ledPatternGen:inst19|nineCounter:ledset8|clock_generator:inst|clock_divider_1024:inst103|inst10'
Slack : -1.000
TNS   : -8.000

Type  : Fast 1200mV 0C Model Minimum Pulse Width 'upcounter:inst10|debouncer:inst6|clock_divider_1024:inst|inst10'
Slack : -1.000
TNS   : -8.000

Type  : Fast 1200mV 0C Model Minimum Pulse Width 'upcounter:inst111|debouncer:inst6|clock_divider_1024:inst|inst10'
Slack : -1.000
TNS   : -8.000

Type  : Fast 1200mV 0C Model Minimum Pulse Width 'upcounter:inst1|debouncer:inst6|clock_divider_1024:inst|inst10'
Slack : -1.000
TNS   : -8.000

Type  : Fast 1200mV 0C Model Minimum Pulse Width 'upcounter:inst2|debouncer:inst6|clock_divider_1024:inst|inst10'
Slack : -1.000
TNS   : -8.000

Type  : Fast 1200mV 0C Model Minimum Pulse Width 'upcounter:inst3|debouncer:inst6|clock_divider_1024:inst|inst10'
Slack : -1.000
TNS   : -8.000

Type  : Fast 1200mV 0C Model Minimum Pulse Width 'upcounter:inst7|debouncer:inst6|clock_divider_1024:inst|inst10'
Slack : -1.000
TNS   : -8.000

Type  : Fast 1200mV 0C Model Minimum Pulse Width 'upcounter:inst8|debouncer:inst6|clock_divider_1024:inst|inst10'
Slack : -1.000
TNS   : -8.000

Type  : Fast 1200mV 0C Model Minimum Pulse Width 'upcounter:inst9|debouncer:inst6|clock_divider_1024:inst|inst10'
Slack : -1.000
TNS   : -8.000

Type  : Fast 1200mV 0C Model Minimum Pulse Width 'ledPatternGen:inst19|nineCounter:ledset1|clock_generator:inst|clock_divider_1024:inst102|inst10'
Slack : -1.000
TNS   : -7.000

Type  : Fast 1200mV 0C Model Minimum Pulse Width 'ledPatternGen:inst19|nineCounter:ledset2|clock_generator:inst|clock_divider_1024:inst102|inst10'
Slack : -1.000
TNS   : -7.000

Type  : Fast 1200mV 0C Model Minimum Pulse Width 'ledPatternGen:inst19|nineCounter:ledset3|clock_generator:inst|clock_divider_1024:inst102|inst10'
Slack : -1.000
TNS   : -7.000

Type  : Fast 1200mV 0C Model Minimum Pulse Width 'ledPatternGen:inst19|nineCounter:ledset4|clock_generator:inst|clock_divider_1024:inst102|inst10'
Slack : -1.000
TNS   : -7.000

Type  : Fast 1200mV 0C Model Minimum Pulse Width 'ledPatternGen:inst19|nineCounter:ledset5|clock_generator:inst|clock_divider_1024:inst102|inst10'
Slack : -1.000
TNS   : -7.000

Type  : Fast 1200mV 0C Model Minimum Pulse Width 'ledPatternGen:inst19|nineCounter:ledset6|clock_generator:inst|clock_divider_1024:inst102|inst10'
Slack : -1.000
TNS   : -7.000

Type  : Fast 1200mV 0C Model Minimum Pulse Width 'ledPatternGen:inst19|nineCounter:ledset7|clock_generator:inst|clock_divider_1024:inst102|inst10'
Slack : -1.000
TNS   : -7.000

Type  : Fast 1200mV 0C Model Minimum Pulse Width 'ledPatternGen:inst19|nineCounter:ledset8|clock_generator:inst|clock_divider_1024:inst102|inst10'
Slack : -1.000
TNS   : -7.000

Type  : Fast 1200mV 0C Model Minimum Pulse Width 'ledPatternGen:inst19|nineCounter:ledset1|clock_generator:inst|inst7'
Slack : -1.000
TNS   : -3.000

Type  : Fast 1200mV 0C Model Minimum Pulse Width 'ledPatternGen:inst19|nineCounter:ledset2|clock_generator:inst|inst7'
Slack : -1.000
TNS   : -3.000

Type  : Fast 1200mV 0C Model Minimum Pulse Width 'ledPatternGen:inst19|nineCounter:ledset3|clock_generator:inst|inst7'
Slack : -1.000
TNS   : -3.000

Type  : Fast 1200mV 0C Model Minimum Pulse Width 'ledPatternGen:inst19|nineCounter:ledset4|clock_generator:inst|inst7'
Slack : -1.000
TNS   : -3.000

Type  : Fast 1200mV 0C Model Minimum Pulse Width 'ledPatternGen:inst19|nineCounter:ledset5|clock_generator:inst|inst7'
Slack : -1.000
TNS   : -3.000

Type  : Fast 1200mV 0C Model Minimum Pulse Width 'ledPatternGen:inst19|nineCounter:ledset6|clock_generator:inst|inst7'
Slack : -1.000
TNS   : -3.000

Type  : Fast 1200mV 0C Model Minimum Pulse Width 'ledPatternGen:inst19|nineCounter:ledset7|clock_generator:inst|inst7'
Slack : -1.000
TNS   : -3.000

Type  : Fast 1200mV 0C Model Minimum Pulse Width 'ledPatternGen:inst19|nineCounter:ledset8|clock_generator:inst|inst7'
Slack : -1.000
TNS   : -3.000

Type  : Fast 1200mV 0C Model Minimum Pulse Width 'upcounter:inst111|inst2'
Slack : -1.000
TNS   : -2.036

Type  : Fast 1200mV 0C Model Minimum Pulse Width 'upcounter:inst10|inst1'
Slack : -1.000
TNS   : -2.000

Type  : Fast 1200mV 0C Model Minimum Pulse Width 'upcounter:inst10|inst2'
Slack : -1.000
TNS   : -2.000

Type  : Fast 1200mV 0C Model Minimum Pulse Width 'upcounter:inst10|inst389025'
Slack : -1.000
TNS   : -2.000

Type  : Fast 1200mV 0C Model Minimum Pulse Width 'upcounter:inst111|inst1'
Slack : -1.000
TNS   : -2.000

Type  : Fast 1200mV 0C Model Minimum Pulse Width 'upcounter:inst111|inst389025'
Slack : -1.000
TNS   : -2.000

Type  : Fast 1200mV 0C Model Minimum Pulse Width 'upcounter:inst1|inst1'
Slack : -1.000
TNS   : -2.000

Type  : Fast 1200mV 0C Model Minimum Pulse Width 'upcounter:inst1|inst2'
Slack : -1.000
TNS   : -2.000

Type  : Fast 1200mV 0C Model Minimum Pulse Width 'upcounter:inst1|inst389025'
Slack : -1.000
TNS   : -2.000

Type  : Fast 1200mV 0C Model Minimum Pulse Width 'upcounter:inst2|inst1'
Slack : -1.000
TNS   : -2.000

Type  : Fast 1200mV 0C Model Minimum Pulse Width 'upcounter:inst2|inst2'
Slack : -1.000
TNS   : -2.000

Type  : Fast 1200mV 0C Model Minimum Pulse Width 'upcounter:inst2|inst389025'
Slack : -1.000
TNS   : -2.000

Type  : Fast 1200mV 0C Model Minimum Pulse Width 'upcounter:inst3|inst1'
Slack : -1.000
TNS   : -2.000

Type  : Fast 1200mV 0C Model Minimum Pulse Width 'upcounter:inst3|inst2'
Slack : -1.000
TNS   : -2.000

Type  : Fast 1200mV 0C Model Minimum Pulse Width 'upcounter:inst3|inst389025'
Slack : -1.000
TNS   : -2.000

Type  : Fast 1200mV 0C Model Minimum Pulse Width 'upcounter:inst7|inst1'
Slack : -1.000
TNS   : -2.000

Type  : Fast 1200mV 0C Model Minimum Pulse Width 'upcounter:inst7|inst2'
Slack : -1.000
TNS   : -2.000

Type  : Fast 1200mV 0C Model Minimum Pulse Width 'upcounter:inst7|inst389025'
Slack : -1.000
TNS   : -2.000

Type  : Fast 1200mV 0C Model Minimum Pulse Width 'upcounter:inst8|inst1'
Slack : -1.000
TNS   : -2.000

Type  : Fast 1200mV 0C Model Minimum Pulse Width 'upcounter:inst8|inst2'
Slack : -1.000
TNS   : -2.000

Type  : Fast 1200mV 0C Model Minimum Pulse Width 'upcounter:inst8|inst389025'
Slack : -1.000
TNS   : -2.000

Type  : Fast 1200mV 0C Model Minimum Pulse Width 'upcounter:inst9|inst1'
Slack : -1.000
TNS   : -2.000

Type  : Fast 1200mV 0C Model Minimum Pulse Width 'upcounter:inst9|inst2'
Slack : -1.000
TNS   : -2.000

Type  : Fast 1200mV 0C Model Minimum Pulse Width 'upcounter:inst9|inst389025'
Slack : -1.000
TNS   : -2.000

Type  : Fast 1200mV 0C Model Minimum Pulse Width 'upcounter:inst10|debouncer:inst6|clock_divider_1024:inst1|inst10'
Slack : -1.000
TNS   : -1.000

Type  : Fast 1200mV 0C Model Minimum Pulse Width 'upcounter:inst10|debouncer:inst6|inst2'
Slack : -1.000
TNS   : -1.000

Type  : Fast 1200mV 0C Model Minimum Pulse Width 'upcounter:inst111|debouncer:inst6|clock_divider_1024:inst1|inst10'
Slack : -1.000
TNS   : -1.000

Type  : Fast 1200mV 0C Model Minimum Pulse Width 'upcounter:inst111|debouncer:inst6|inst2'
Slack : -1.000
TNS   : -1.000

Type  : Fast 1200mV 0C Model Minimum Pulse Width 'upcounter:inst1|debouncer:inst6|clock_divider_1024:inst1|inst10'
Slack : -1.000
TNS   : -1.000

Type  : Fast 1200mV 0C Model Minimum Pulse Width 'upcounter:inst1|debouncer:inst6|inst2'
Slack : -1.000
TNS   : -1.000

Type  : Fast 1200mV 0C Model Minimum Pulse Width 'upcounter:inst2|debouncer:inst6|clock_divider_1024:inst1|inst10'
Slack : -1.000
TNS   : -1.000

Type  : Fast 1200mV 0C Model Minimum Pulse Width 'upcounter:inst2|debouncer:inst6|inst2'
Slack : -1.000
TNS   : -1.000

Type  : Fast 1200mV 0C Model Minimum Pulse Width 'upcounter:inst3|debouncer:inst6|clock_divider_1024:inst1|inst10'
Slack : -1.000
TNS   : -1.000

Type  : Fast 1200mV 0C Model Minimum Pulse Width 'upcounter:inst3|debouncer:inst6|inst2'
Slack : -1.000
TNS   : -1.000

Type  : Fast 1200mV 0C Model Minimum Pulse Width 'upcounter:inst7|debouncer:inst6|clock_divider_1024:inst1|inst10'
Slack : -1.000
TNS   : -1.000

Type  : Fast 1200mV 0C Model Minimum Pulse Width 'upcounter:inst7|debouncer:inst6|inst2'
Slack : -1.000
TNS   : -1.000

Type  : Fast 1200mV 0C Model Minimum Pulse Width 'upcounter:inst8|debouncer:inst6|clock_divider_1024:inst1|inst10'
Slack : -1.000
TNS   : -1.000

Type  : Fast 1200mV 0C Model Minimum Pulse Width 'upcounter:inst8|debouncer:inst6|inst2'
Slack : -1.000
TNS   : -1.000

Type  : Fast 1200mV 0C Model Minimum Pulse Width 'upcounter:inst9|debouncer:inst6|clock_divider_1024:inst1|inst10'
Slack : -1.000
TNS   : -1.000

Type  : Fast 1200mV 0C Model Minimum Pulse Width 'upcounter:inst9|debouncer:inst6|inst2'
Slack : -1.000
TNS   : -1.000

------------------------------------------------------------
