------------------------------------------------------------
Timing Analyzer Summary
------------------------------------------------------------

Type  : Slow 1200mV 85C Model Setup 'nineCounter:ledset2|clock_generator:inst|clock_divider_1024:inst103|inst10'
Slack : -2.973
TNS   : -7.241

Type  : Slow 1200mV 85C Model Setup 'nineCounter:ledset7|clock_generator:inst|clock_divider_1024:inst103|inst10'
Slack : -2.973
TNS   : -6.548

Type  : Slow 1200mV 85C Model Setup 'nineCounter:ledset8|clock_generator:inst|clock_divider_1024:inst103|inst10'
Slack : -2.881
TNS   : -5.709

Type  : Slow 1200mV 85C Model Setup 'clk'
Slack : -2.424
TNS   : -17.997

Type  : Slow 1200mV 85C Model Setup 'nineCounter:ledset6|clock_generator:inst|clock_divider_1024:inst103|inst10'
Slack : -2.358
TNS   : -6.704

Type  : Slow 1200mV 85C Model Setup 'nineCounter:ledset1|clock_generator:inst|clock_divider_1024:inst103|inst10'
Slack : -2.327
TNS   : -4.826

Type  : Slow 1200mV 85C Model Setup 'nineCounter:ledset5|clock_generator:inst|clock_divider_1024:inst103|inst10'
Slack : -2.294
TNS   : -4.940

Type  : Slow 1200mV 85C Model Setup 'nineCounter:ledset3|clock_generator:inst|clock_divider_1024:inst103|inst10'
Slack : -2.284
TNS   : -5.583

Type  : Slow 1200mV 85C Model Setup 'nineCounter:ledset4|clock_generator:inst|clock_divider_1024:inst103|inst10'
Slack : -2.268
TNS   : -5.436

Type  : Slow 1200mV 85C Model Setup 'nineCounter:ledset1|clock_generator:inst|clock_divider_1024:inst102|inst10'
Slack : -2.081
TNS   : -4.553

Type  : Slow 1200mV 85C Model Setup 'nineCounter:ledset6|clock_generator:inst|clock_divider_1024:inst102|inst10'
Slack : -2.060
TNS   : -4.239

Type  : Slow 1200mV 85C Model Setup 'nineCounter:ledset4|clock_generator:inst|clock_divider_1024:inst102|inst10'
Slack : -2.039
TNS   : -4.041

Type  : Slow 1200mV 85C Model Setup 'nineCounter:ledset2|clock_generator:inst|clock_divider_1024:inst102|inst10'
Slack : -1.920
TNS   : -3.808

Type  : Slow 1200mV 85C Model Setup 'nineCounter:ledset5|clock_generator:inst|clock_divider_1024:inst102|inst10'
Slack : -1.894
TNS   : -4.167

Type  : Slow 1200mV 85C Model Setup 'nineCounter:ledset8|clock_generator:inst|clock_divider_1024:inst102|inst10'
Slack : -1.883
TNS   : -3.765

Type  : Slow 1200mV 85C Model Setup 'nineCounter:ledset7|clock_generator:inst|clock_divider_1024:inst102|inst10'
Slack : -1.848
TNS   : -3.531

Type  : Slow 1200mV 85C Model Setup 'nineCounter:ledset3|clock_generator:inst|clock_divider_1024:inst102|inst10'
Slack : -1.827
TNS   : -3.667

Type  : Slow 1200mV 85C Model Setup 'nineCounter:ledset2|clock_generator:inst|inst7'
Slack : -0.234
TNS   : -0.665

Type  : Slow 1200mV 85C Model Setup 'nineCounter:ledset3|clock_generator:inst|inst7'
Slack : -0.231
TNS   : -0.662

Type  : Slow 1200mV 85C Model Setup 'nineCounter:ledset1|clock_generator:inst|inst7'
Slack : -0.228
TNS   : -0.653

Type  : Slow 1200mV 85C Model Setup 'nineCounter:ledset6|clock_generator:inst|inst7'
Slack : -0.181
TNS   : -0.506

Type  : Slow 1200mV 85C Model Setup 'nineCounter:ledset8|clock_generator:inst|inst7'
Slack : -0.180
TNS   : -0.505

Type  : Slow 1200mV 85C Model Setup 'nineCounter:ledset7|clock_generator:inst|inst7'
Slack : -0.180
TNS   : -0.502

Type  : Slow 1200mV 85C Model Setup 'nineCounter:ledset4|clock_generator:inst|inst7'
Slack : -0.179
TNS   : -0.502

Type  : Slow 1200mV 85C Model Setup 'nineCounter:ledset5|clock_generator:inst|inst7'
Slack : -0.179
TNS   : -0.498

Type  : Slow 1200mV 85C Model Hold 'nineCounter:ledset3|clock_generator:inst|clock_divider_1024:inst103|inst10'
Slack : 0.401
TNS   : 0.000

Type  : Slow 1200mV 85C Model Hold 'clk'
Slack : 0.402
TNS   : 0.000

Type  : Slow 1200mV 85C Model Hold 'nineCounter:ledset1|clock_generator:inst|clock_divider_1024:inst103|inst10'
Slack : 0.402
TNS   : 0.000

Type  : Slow 1200mV 85C Model Hold 'nineCounter:ledset2|clock_generator:inst|inst7'
Slack : 0.402
TNS   : 0.000

Type  : Slow 1200mV 85C Model Hold 'nineCounter:ledset3|clock_generator:inst|inst7'
Slack : 0.402
TNS   : 0.000

Type  : Slow 1200mV 85C Model Hold 'nineCounter:ledset5|clock_generator:inst|clock_divider_1024:inst103|inst10'
Slack : 0.402
TNS   : 0.000

Type  : Slow 1200mV 85C Model Hold 'nineCounter:ledset6|clock_generator:inst|clock_divider_1024:inst102|inst10'
Slack : 0.402
TNS   : 0.000

Type  : Slow 1200mV 85C Model Hold 'nineCounter:ledset6|clock_generator:inst|clock_divider_1024:inst103|inst10'
Slack : 0.402
TNS   : 0.000

Type  : Slow 1200mV 85C Model Hold 'nineCounter:ledset7|clock_generator:inst|clock_divider_1024:inst103|inst10'
Slack : 0.402
TNS   : 0.000

Type  : Slow 1200mV 85C Model Hold 'nineCounter:ledset8|clock_generator:inst|clock_divider_1024:inst102|inst10'
Slack : 0.402
TNS   : 0.000

Type  : Slow 1200mV 85C Model Hold 'nineCounter:ledset8|clock_generator:inst|clock_divider_1024:inst103|inst10'
Slack : 0.402
TNS   : 0.000

Type  : Slow 1200mV 85C Model Hold 'nineCounter:ledset1|clock_generator:inst|clock_divider_1024:inst102|inst10'
Slack : 0.403
TNS   : 0.000

Type  : Slow 1200mV 85C Model Hold 'nineCounter:ledset1|clock_generator:inst|inst7'
Slack : 0.403
TNS   : 0.000

Type  : Slow 1200mV 85C Model Hold 'nineCounter:ledset2|clock_generator:inst|clock_divider_1024:inst102|inst10'
Slack : 0.403
TNS   : 0.000

Type  : Slow 1200mV 85C Model Hold 'nineCounter:ledset2|clock_generator:inst|clock_divider_1024:inst103|inst10'
Slack : 0.403
TNS   : 0.000

Type  : Slow 1200mV 85C Model Hold 'nineCounter:ledset3|clock_generator:inst|clock_divider_1024:inst102|inst10'
Slack : 0.403
TNS   : 0.000

Type  : Slow 1200mV 85C Model Hold 'nineCounter:ledset4|clock_generator:inst|clock_divider_1024:inst102|inst10'
Slack : 0.403
TNS   : 0.000

Type  : Slow 1200mV 85C Model Hold 'nineCounter:ledset4|clock_generator:inst|clock_divider_1024:inst103|inst10'
Slack : 0.403
TNS   : 0.000

Type  : Slow 1200mV 85C Model Hold 'nineCounter:ledset7|clock_generator:inst|clock_divider_1024:inst102|inst10'
Slack : 0.403
TNS   : 0.000

Type  : Slow 1200mV 85C Model Hold 'nineCounter:ledset5|clock_generator:inst|clock_divider_1024:inst102|inst10'
Slack : 0.404
TNS   : 0.000

Type  : Slow 1200mV 85C Model Hold 'nineCounter:ledset4|clock_generator:inst|inst7'
Slack : 0.440
TNS   : 0.000

Type  : Slow 1200mV 85C Model Hold 'nineCounter:ledset5|clock_generator:inst|inst7'
Slack : 0.440
TNS   : 0.000

Type  : Slow 1200mV 85C Model Hold 'nineCounter:ledset6|clock_generator:inst|inst7'
Slack : 0.440
TNS   : 0.000

Type  : Slow 1200mV 85C Model Hold 'nineCounter:ledset7|clock_generator:inst|inst7'
Slack : 0.440
TNS   : 0.000

Type  : Slow 1200mV 85C Model Hold 'nineCounter:ledset8|clock_generator:inst|inst7'
Slack : 0.440
TNS   : 0.000

Type  : Slow 1200mV 85C Model Minimum Pulse Width 'clk'
Slack : -3.000
TNS   : -22.275

Type  : Slow 1200mV 85C Model Minimum Pulse Width 'nineCounter:ledset1|clock_generator:inst|clock_divider_1024:inst103|inst10'
Slack : -1.285
TNS   : -10.280

Type  : Slow 1200mV 85C Model Minimum Pulse Width 'nineCounter:ledset2|clock_generator:inst|clock_divider_1024:inst103|inst10'
Slack : -1.285
TNS   : -10.280

Type  : Slow 1200mV 85C Model Minimum Pulse Width 'nineCounter:ledset3|clock_generator:inst|clock_divider_1024:inst103|inst10'
Slack : -1.285
TNS   : -10.280

Type  : Slow 1200mV 85C Model Minimum Pulse Width 'nineCounter:ledset4|clock_generator:inst|clock_divider_1024:inst103|inst10'
Slack : -1.285
TNS   : -10.280

Type  : Slow 1200mV 85C Model Minimum Pulse Width 'nineCounter:ledset5|clock_generator:inst|clock_divider_1024:inst103|inst10'
Slack : -1.285
TNS   : -10.280

Type  : Slow 1200mV 85C Model Minimum Pulse Width 'nineCounter:ledset6|clock_generator:inst|clock_divider_1024:inst103|inst10'
Slack : -1.285
TNS   : -10.280

Type  : Slow 1200mV 85C Model Minimum Pulse Width 'nineCounter:ledset7|clock_generator:inst|clock_divider_1024:inst103|inst10'
Slack : -1.285
TNS   : -10.280

Type  : Slow 1200mV 85C Model Minimum Pulse Width 'nineCounter:ledset8|clock_generator:inst|clock_divider_1024:inst103|inst10'
Slack : -1.285
TNS   : -10.280

Type  : Slow 1200mV 85C Model Minimum Pulse Width 'nineCounter:ledset1|clock_generator:inst|clock_divider_1024:inst102|inst10'
Slack : -1.285
TNS   : -8.995

Type  : Slow 1200mV 85C Model Minimum Pulse Width 'nineCounter:ledset2|clock_generator:inst|clock_divider_1024:inst102|inst10'
Slack : -1.285
TNS   : -8.995

Type  : Slow 1200mV 85C Model Minimum Pulse Width 'nineCounter:ledset3|clock_generator:inst|clock_divider_1024:inst102|inst10'
Slack : -1.285
TNS   : -8.995

Type  : Slow 1200mV 85C Model Minimum Pulse Width 'nineCounter:ledset4|clock_generator:inst|clock_divider_1024:inst102|inst10'
Slack : -1.285
TNS   : -8.995

Type  : Slow 1200mV 85C Model Minimum Pulse Width 'nineCounter:ledset5|clock_generator:inst|clock_divider_1024:inst102|inst10'
Slack : -1.285
TNS   : -8.995

Type  : Slow 1200mV 85C Model Minimum Pulse Width 'nineCounter:ledset6|clock_generator:inst|clock_divider_1024:inst102|inst10'
Slack : -1.285
TNS   : -8.995

Type  : Slow 1200mV 85C Model Minimum Pulse Width 'nineCounter:ledset7|clock_generator:inst|clock_divider_1024:inst102|inst10'
Slack : -1.285
TNS   : -8.995

Type  : Slow 1200mV 85C Model Minimum Pulse Width 'nineCounter:ledset8|clock_generator:inst|clock_divider_1024:inst102|inst10'
Slack : -1.285
TNS   : -8.995

Type  : Slow 1200mV 85C Model Minimum Pulse Width 'nineCounter:ledset1|clock_generator:inst|inst7'
Slack : -1.285
TNS   : -3.855

Type  : Slow 1200mV 85C Model Minimum Pulse Width 'nineCounter:ledset2|clock_generator:inst|inst7'
Slack : -1.285
TNS   : -3.855

Type  : Slow 1200mV 85C Model Minimum Pulse Width 'nineCounter:ledset3|clock_generator:inst|inst7'
Slack : -1.285
TNS   : -3.855

Type  : Slow 1200mV 85C Model Minimum Pulse Width 'nineCounter:ledset4|clock_generator:inst|inst7'
Slack : -1.285
TNS   : -3.855

Type  : Slow 1200mV 85C Model Minimum Pulse Width 'nineCounter:ledset5|clock_generator:inst|inst7'
Slack : -1.285
TNS   : -3.855

Type  : Slow 1200mV 85C Model Minimum Pulse Width 'nineCounter:ledset6|clock_generator:inst|inst7'
Slack : -1.285
TNS   : -3.855

Type  : Slow 1200mV 85C Model Minimum Pulse Width 'nineCounter:ledset7|clock_generator:inst|inst7'
Slack : -1.285
TNS   : -3.855

Type  : Slow 1200mV 85C Model Minimum Pulse Width 'nineCounter:ledset8|clock_generator:inst|inst7'
Slack : -1.285
TNS   : -3.855

Type  : Slow 1200mV 0C Model Setup 'nineCounter:ledset2|clock_generator:inst|clock_divider_1024:inst103|inst10'
Slack : -2.642
TNS   : -5.921

Type  : Slow 1200mV 0C Model Setup 'nineCounter:ledset7|clock_generator:inst|clock_divider_1024:inst103|inst10'
Slack : -2.637
TNS   : -5.287

Type  : Slow 1200mV 0C Model Setup 'nineCounter:ledset8|clock_generator:inst|clock_divider_1024:inst103|inst10'
Slack : -2.563
TNS   : -4.620

Type  : Slow 1200mV 0C Model Setup 'clk'
Slack : -2.134
TNS   : -14.984

Type  : Slow 1200mV 0C Model Setup 'nineCounter:ledset6|clock_generator:inst|clock_divider_1024:inst103|inst10'
Slack : -2.090
TNS   : -5.345

Type  : Slow 1200mV 0C Model Setup 'nineCounter:ledset1|clock_generator:inst|clock_divider_1024:inst103|inst10'
Slack : -2.042
TNS   : -3.807

Type  : Slow 1200mV 0C Model Setup 'nineCounter:ledset3|clock_generator:inst|clock_divider_1024:inst103|inst10'
Slack : -2.018
TNS   : -4.394

Type  : Slow 1200mV 0C Model Setup 'nineCounter:ledset5|clock_generator:inst|clock_divider_1024:inst103|inst10'
Slack : -2.015
TNS   : -3.795

Type  : Slow 1200mV 0C Model Setup 'nineCounter:ledset4|clock_generator:inst|clock_divider_1024:inst103|inst10'
Slack : -1.994
TNS   : -4.260

Type  : Slow 1200mV 0C Model Setup 'nineCounter:ledset1|clock_generator:inst|clock_divider_1024:inst102|inst10'
Slack : -1.835
TNS   : -3.561

Type  : Slow 1200mV 0C Model Setup 'nineCounter:ledset6|clock_generator:inst|clock_divider_1024:inst102|inst10'
Slack : -1.797
TNS   : -3.272

Type  : Slow 1200mV 0C Model Setup 'nineCounter:ledset4|clock_generator:inst|clock_divider_1024:inst102|inst10'
Slack : -1.784
TNS   : -3.120

Type  : Slow 1200mV 0C Model Setup 'nineCounter:ledset2|clock_generator:inst|clock_divider_1024:inst102|inst10'
Slack : -1.679
TNS   : -2.907

Type  : Slow 1200mV 0C Model Setup 'nineCounter:ledset5|clock_generator:inst|clock_divider_1024:inst102|inst10'
Slack : -1.659
TNS   : -3.190

Type  : Slow 1200mV 0C Model Setup 'nineCounter:ledset8|clock_generator:inst|clock_divider_1024:inst102|inst10'
Slack : -1.644
TNS   : -2.871

Type  : Slow 1200mV 0C Model Setup 'nineCounter:ledset7|clock_generator:inst|clock_divider_1024:inst102|inst10'
Slack : -1.612
TNS   : -2.672

Type  : Slow 1200mV 0C Model Setup 'nineCounter:ledset3|clock_generator:inst|clock_divider_1024:inst102|inst10'
Slack : -1.603
TNS   : -2.798

Type  : Slow 1200mV 0C Model Setup 'nineCounter:ledset2|clock_generator:inst|inst7'
Slack : -0.112
TNS   : -0.299

Type  : Slow 1200mV 0C Model Setup 'nineCounter:ledset3|clock_generator:inst|inst7'
Slack : -0.109
TNS   : -0.298

Type  : Slow 1200mV 0C Model Setup 'nineCounter:ledset1|clock_generator:inst|inst7'
Slack : -0.109
TNS   : -0.294

Type  : Slow 1200mV 0C Model Setup 'nineCounter:ledset4|clock_generator:inst|inst7'
Slack : -0.063
TNS   : -0.153

Type  : Slow 1200mV 0C Model Setup 'nineCounter:ledset6|clock_generator:inst|inst7'
Slack : -0.063
TNS   : -0.153

Type  : Slow 1200mV 0C Model Setup 'nineCounter:ledset5|clock_generator:inst|inst7'
Slack : -0.063
TNS   : -0.150

Type  : Slow 1200mV 0C Model Setup 'nineCounter:ledset8|clock_generator:inst|inst7'
Slack : -0.062
TNS   : -0.150

Type  : Slow 1200mV 0C Model Setup 'nineCounter:ledset7|clock_generator:inst|inst7'
Slack : -0.062
TNS   : -0.149

Type  : Slow 1200mV 0C Model Hold 'nineCounter:ledset3|clock_generator:inst|clock_divider_1024:inst103|inst10'
Slack : 0.353
TNS   : 0.000

Type  : Slow 1200mV 0C Model Hold 'nineCounter:ledset3|clock_generator:inst|inst7'
Slack : 0.353
TNS   : 0.000

Type  : Slow 1200mV 0C Model Hold 'nineCounter:ledset5|clock_generator:inst|clock_divider_1024:inst103|inst10'
Slack : 0.353
TNS   : 0.000

Type  : Slow 1200mV 0C Model Hold 'nineCounter:ledset6|clock_generator:inst|clock_divider_1024:inst103|inst10'
Slack : 0.353
TNS   : 0.000

Type  : Slow 1200mV 0C Model Hold 'nineCounter:ledset7|clock_generator:inst|clock_divider_1024:inst103|inst10'
Slack : 0.353
TNS   : 0.000

Type  : Slow 1200mV 0C Model Hold 'nineCounter:ledset8|clock_generator:inst|clock_divider_1024:inst102|inst10'
Slack : 0.353
TNS   : 0.000

Type  : Slow 1200mV 0C Model Hold 'clk'
Slack : 0.354
TNS   : 0.000

Type  : Slow 1200mV 0C Model Hold 'nineCounter:ledset1|clock_generator:inst|clock_divider_1024:inst102|inst10'
Slack : 0.354
TNS   : 0.000

Type  : Slow 1200mV 0C Model Hold 'nineCounter:ledset1|clock_generator:inst|clock_divider_1024:inst103|inst10'
Slack : 0.354
TNS   : 0.000

Type  : Slow 1200mV 0C Model Hold 'nineCounter:ledset1|clock_generator:inst|inst7'
Slack : 0.354
TNS   : 0.000

Type  : Slow 1200mV 0C Model Hold 'nineCounter:ledset2|clock_generator:inst|clock_divider_1024:inst102|inst10'
Slack : 0.354
TNS   : 0.000

Type  : Slow 1200mV 0C Model Hold 'nineCounter:ledset2|clock_generator:inst|clock_divider_1024:inst103|inst10'
Slack : 0.354
TNS   : 0.000

Type  : Slow 1200mV 0C Model Hold 'nineCounter:ledset2|clock_generator:inst|inst7'
Slack : 0.354
TNS   : 0.000

Type  : Slow 1200mV 0C Model Hold 'nineCounter:ledset3|clock_generator:inst|clock_divider_1024:inst102|inst10'
Slack : 0.354
TNS   : 0.000

Type  : Slow 1200mV 0C Model Hold 'nineCounter:ledset4|clock_generator:inst|clock_divider_1024:inst102|inst10'
Slack : 0.354
TNS   : 0.000

Type  : Slow 1200mV 0C Model Hold 'nineCounter:ledset4|clock_generator:inst|clock_divider_1024:inst103|inst10'
Slack : 0.354
TNS   : 0.000

Type  : Slow 1200mV 0C Model Hold 'nineCounter:ledset6|clock_generator:inst|clock_divider_1024:inst102|inst10'
Slack : 0.354
TNS   : 0.000

Type  : Slow 1200mV 0C Model Hold 'nineCounter:ledset7|clock_generator:inst|clock_divider_1024:inst102|inst10'
Slack : 0.354
TNS   : 0.000

Type  : Slow 1200mV 0C Model Hold 'nineCounter:ledset8|clock_generator:inst|clock_divider_1024:inst103|inst10'
Slack : 0.354
TNS   : 0.000

Type  : Slow 1200mV 0C Model Hold 'nineCounter:ledset5|clock_generator:inst|clock_divider_1024:inst102|inst10'
Slack : 0.355
TNS   : 0.000

Type  : Slow 1200mV 0C Model Hold 'nineCounter:ledset4|clock_generator:inst|inst7'
Slack : 0.387
TNS   : 0.000

Type  : Slow 1200mV 0C Model Hold 'nineCounter:ledset5|clock_generator:inst|inst7'
Slack : 0.387
TNS   : 0.000

Type  : Slow 1200mV 0C Model Hold 'nineCounter:ledset6|clock_generator:inst|inst7'
Slack : 0.387
TNS   : 0.000

Type  : Slow 1200mV 0C Model Hold 'nineCounter:ledset7|clock_generator:inst|inst7'
Slack : 0.387
TNS   : 0.000

Type  : Slow 1200mV 0C Model Hold 'nineCounter:ledset8|clock_generator:inst|inst7'
Slack : 0.387
TNS   : 0.000

Type  : Slow 1200mV 0C Model Minimum Pulse Width 'clk'
Slack : -3.000
TNS   : -22.275

Type  : Slow 1200mV 0C Model Minimum Pulse Width 'nineCounter:ledset1|clock_generator:inst|clock_divider_1024:inst103|inst10'
Slack : -1.285
TNS   : -10.280

Type  : Slow 1200mV 0C Model Minimum Pulse Width 'nineCounter:ledset2|clock_generator:inst|clock_divider_1024:inst103|inst10'
Slack : -1.285
TNS   : -10.280

Type  : Slow 1200mV 0C Model Minimum Pulse Width 'nineCounter:ledset3|clock_generator:inst|clock_divider_1024:inst103|inst10'
Slack : -1.285
TNS   : -10.280

Type  : Slow 1200mV 0C Model Minimum Pulse Width 'nineCounter:ledset4|clock_generator:inst|clock_divider_1024:inst103|inst10'
Slack : -1.285
TNS   : -10.280

Type  : Slow 1200mV 0C Model Minimum Pulse Width 'nineCounter:ledset5|clock_generator:inst|clock_divider_1024:inst103|inst10'
Slack : -1.285
TNS   : -10.280

Type  : Slow 1200mV 0C Model Minimum Pulse Width 'nineCounter:ledset6|clock_generator:inst|clock_divider_1024:inst103|inst10'
Slack : -1.285
TNS   : -10.280

Type  : Slow 1200mV 0C Model Minimum Pulse Width 'nineCounter:ledset7|clock_generator:inst|clock_divider_1024:inst103|inst10'
Slack : -1.285
TNS   : -10.280

Type  : Slow 1200mV 0C Model Minimum Pulse Width 'nineCounter:ledset8|clock_generator:inst|clock_divider_1024:inst103|inst10'
Slack : -1.285
TNS   : -10.280

Type  : Slow 1200mV 0C Model Minimum Pulse Width 'nineCounter:ledset1|clock_generator:inst|clock_divider_1024:inst102|inst10'
Slack : -1.285
TNS   : -8.995

Type  : Slow 1200mV 0C Model Minimum Pulse Width 'nineCounter:ledset2|clock_generator:inst|clock_divider_1024:inst102|inst10'
Slack : -1.285
TNS   : -8.995

Type  : Slow 1200mV 0C Model Minimum Pulse Width 'nineCounter:ledset3|clock_generator:inst|clock_divider_1024:inst102|inst10'
Slack : -1.285
TNS   : -8.995

Type  : Slow 1200mV 0C Model Minimum Pulse Width 'nineCounter:ledset4|clock_generator:inst|clock_divider_1024:inst102|inst10'
Slack : -1.285
TNS   : -8.995

Type  : Slow 1200mV 0C Model Minimum Pulse Width 'nineCounter:ledset5|clock_generator:inst|clock_divider_1024:inst102|inst10'
Slack : -1.285
TNS   : -8.995

Type  : Slow 1200mV 0C Model Minimum Pulse Width 'nineCounter:ledset6|clock_generator:inst|clock_divider_1024:inst102|inst10'
Slack : -1.285
TNS   : -8.995

Type  : Slow 1200mV 0C Model Minimum Pulse Width 'nineCounter:ledset7|clock_generator:inst|clock_divider_1024:inst102|inst10'
Slack : -1.285
TNS   : -8.995

Type  : Slow 1200mV 0C Model Minimum Pulse Width 'nineCounter:ledset8|clock_generator:inst|clock_divider_1024:inst102|inst10'
Slack : -1.285
TNS   : -8.995

Type  : Slow 1200mV 0C Model Minimum Pulse Width 'nineCounter:ledset1|clock_generator:inst|inst7'
Slack : -1.285
TNS   : -3.855

Type  : Slow 1200mV 0C Model Minimum Pulse Width 'nineCounter:ledset2|clock_generator:inst|inst7'
Slack : -1.285
TNS   : -3.855

Type  : Slow 1200mV 0C Model Minimum Pulse Width 'nineCounter:ledset3|clock_generator:inst|inst7'
Slack : -1.285
TNS   : -3.855

Type  : Slow 1200mV 0C Model Minimum Pulse Width 'nineCounter:ledset4|clock_generator:inst|inst7'
Slack : -1.285
TNS   : -3.855

Type  : Slow 1200mV 0C Model Minimum Pulse Width 'nineCounter:ledset5|clock_generator:inst|inst7'
Slack : -1.285
TNS   : -3.855

Type  : Slow 1200mV 0C Model Minimum Pulse Width 'nineCounter:ledset6|clock_generator:inst|inst7'
Slack : -1.285
TNS   : -3.855

Type  : Slow 1200mV 0C Model Minimum Pulse Width 'nineCounter:ledset7|clock_generator:inst|inst7'
Slack : -1.285
TNS   : -3.855

Type  : Slow 1200mV 0C Model Minimum Pulse Width 'nineCounter:ledset8|clock_generator:inst|inst7'
Slack : -1.285
TNS   : -3.855

Type  : Fast 1200mV 0C Model Setup 'nineCounter:ledset7|clock_generator:inst|clock_divider_1024:inst103|inst10'
Slack : -1.144
TNS   : -1.155

Type  : Fast 1200mV 0C Model Setup 'nineCounter:ledset8|clock_generator:inst|clock_divider_1024:inst103|inst10'
Slack : -1.098
TNS   : -1.098

Type  : Fast 1200mV 0C Model Setup 'nineCounter:ledset2|clock_generator:inst|clock_divider_1024:inst103|inst10'
Slack : -1.082
TNS   : -1.134

Type  : Fast 1200mV 0C Model Setup 'clk'
Slack : -0.702
TNS   : -2.411

Type  : Fast 1200mV 0C Model Setup 'nineCounter:ledset1|clock_generator:inst|clock_divider_1024:inst103|inst10'
Slack : -0.684
TNS   : -0.684

Type  : Fast 1200mV 0C Model Setup 'nineCounter:ledset6|clock_generator:inst|clock_divider_1024:inst103|inst10'
Slack : -0.641
TNS   : -0.705

Type  : Fast 1200mV 0C Model Setup 'nineCounter:ledset5|clock_generator:inst|clock_divider_1024:inst103|inst10'
Slack : -0.621
TNS   : -0.621

Type  : Fast 1200mV 0C Model Setup 'nineCounter:ledset4|clock_generator:inst|clock_divider_1024:inst103|inst10'
Slack : -0.604
TNS   : -0.604

Type  : Fast 1200mV 0C Model Setup 'nineCounter:ledset1|clock_generator:inst|clock_divider_1024:inst102|inst10'
Slack : -0.600
TNS   : -0.600

Type  : Fast 1200mV 0C Model Setup 'nineCounter:ledset3|clock_generator:inst|clock_divider_1024:inst103|inst10'
Slack : -0.600
TNS   : -0.600

Type  : Fast 1200mV 0C Model Setup 'nineCounter:ledset2|clock_generator:inst|clock_divider_1024:inst102|inst10'
Slack : -0.569
TNS   : -0.569

Type  : Fast 1200mV 0C Model Setup 'nineCounter:ledset7|clock_generator:inst|clock_divider_1024:inst102|inst10'
Slack : -0.519
TNS   : -0.519

Type  : Fast 1200mV 0C Model Setup 'nineCounter:ledset6|clock_generator:inst|clock_divider_1024:inst102|inst10'
Slack : -0.517
TNS   : -0.517

Type  : Fast 1200mV 0C Model Setup 'nineCounter:ledset4|clock_generator:inst|clock_divider_1024:inst102|inst10'
Slack : -0.511
TNS   : -0.511

Type  : Fast 1200mV 0C Model Setup 'nineCounter:ledset8|clock_generator:inst|clock_divider_1024:inst102|inst10'
Slack : -0.460
TNS   : -0.460

Type  : Fast 1200mV 0C Model Setup 'nineCounter:ledset5|clock_generator:inst|clock_divider_1024:inst102|inst10'
Slack : -0.424
TNS   : -0.424

Type  : Fast 1200mV 0C Model Setup 'nineCounter:ledset3|clock_generator:inst|clock_divider_1024:inst102|inst10'
Slack : -0.404
TNS   : -0.404

Type  : Fast 1200mV 0C Model Setup 'nineCounter:ledset2|clock_generator:inst|inst7'
Slack : 0.394
TNS   : 0.000

Type  : Fast 1200mV 0C Model Setup 'nineCounter:ledset1|clock_generator:inst|inst7'
Slack : 0.396
TNS   : 0.000

Type  : Fast 1200mV 0C Model Setup 'nineCounter:ledset3|clock_generator:inst|inst7'
Slack : 0.397
TNS   : 0.000

Type  : Fast 1200mV 0C Model Setup 'nineCounter:ledset4|clock_generator:inst|inst7'
Slack : 0.431
TNS   : 0.000

Type  : Fast 1200mV 0C Model Setup 'nineCounter:ledset6|clock_generator:inst|inst7'
Slack : 0.431
TNS   : 0.000

Type  : Fast 1200mV 0C Model Setup 'nineCounter:ledset5|clock_generator:inst|inst7'
Slack : 0.432
TNS   : 0.000

Type  : Fast 1200mV 0C Model Setup 'nineCounter:ledset7|clock_generator:inst|inst7'
Slack : 0.432
TNS   : 0.000

Type  : Fast 1200mV 0C Model Setup 'nineCounter:ledset8|clock_generator:inst|inst7'
Slack : 0.432
TNS   : 0.000

Type  : Fast 1200mV 0C Model Hold 'nineCounter:ledset1|clock_generator:inst|clock_divider_1024:inst103|inst10'
Slack : 0.180
TNS   : 0.000

Type  : Fast 1200mV 0C Model Hold 'nineCounter:ledset2|clock_generator:inst|clock_divider_1024:inst103|inst10'
Slack : 0.180
TNS   : 0.000

Type  : Fast 1200mV 0C Model Hold 'nineCounter:ledset3|clock_generator:inst|clock_divider_1024:inst103|inst10'
Slack : 0.180
TNS   : 0.000

Type  : Fast 1200mV 0C Model Hold 'nineCounter:ledset5|clock_generator:inst|clock_divider_1024:inst103|inst10'
Slack : 0.180
TNS   : 0.000

Type  : Fast 1200mV 0C Model Hold 'nineCounter:ledset7|clock_generator:inst|clock_divider_1024:inst103|inst10'
Slack : 0.180
TNS   : 0.000

Type  : Fast 1200mV 0C Model Hold 'nineCounter:ledset8|clock_generator:inst|clock_divider_1024:inst102|inst10'
Slack : 0.180
TNS   : 0.000

Type  : Fast 1200mV 0C Model Hold 'nineCounter:ledset8|clock_generator:inst|clock_divider_1024:inst103|inst10'
Slack : 0.180
TNS   : 0.000

Type  : Fast 1200mV 0C Model Hold 'clk'
Slack : 0.181
TNS   : 0.000

Type  : Fast 1200mV 0C Model Hold 'nineCounter:ledset1|clock_generator:inst|clock_divider_1024:inst102|inst10'
Slack : 0.181
TNS   : 0.000

Type  : Fast 1200mV 0C Model Hold 'nineCounter:ledset1|clock_generator:inst|inst7'
Slack : 0.181
TNS   : 0.000

Type  : Fast 1200mV 0C Model Hold 'nineCounter:ledset2|clock_generator:inst|clock_divider_1024:inst102|inst10'
Slack : 0.181
TNS   : 0.000

Type  : Fast 1200mV 0C Model Hold 'nineCounter:ledset3|clock_generator:inst|clock_divider_1024:inst102|inst10'
Slack : 0.181
TNS   : 0.000

Type  : Fast 1200mV 0C Model Hold 'nineCounter:ledset4|clock_generator:inst|clock_divider_1024:inst103|inst10'
Slack : 0.181
TNS   : 0.000

Type  : Fast 1200mV 0C Model Hold 'nineCounter:ledset6|clock_generator:inst|clock_divider_1024:inst103|inst10'
Slack : 0.181
TNS   : 0.000

Type  : Fast 1200mV 0C Model Hold 'nineCounter:ledset7|clock_generator:inst|clock_divider_1024:inst102|inst10'
Slack : 0.181
TNS   : 0.000

Type  : Fast 1200mV 0C Model Hold 'nineCounter:ledset2|clock_generator:inst|inst7'
Slack : 0.182
TNS   : 0.000

Type  : Fast 1200mV 0C Model Hold 'nineCounter:ledset3|clock_generator:inst|inst7'
Slack : 0.182
TNS   : 0.000

Type  : Fast 1200mV 0C Model Hold 'nineCounter:ledset4|clock_generator:inst|clock_divider_1024:inst102|inst10'
Slack : 0.182
TNS   : 0.000

Type  : Fast 1200mV 0C Model Hold 'nineCounter:ledset5|clock_generator:inst|clock_divider_1024:inst102|inst10'
Slack : 0.182
TNS   : 0.000

Type  : Fast 1200mV 0C Model Hold 'nineCounter:ledset6|clock_generator:inst|clock_divider_1024:inst102|inst10'
Slack : 0.182
TNS   : 0.000

Type  : Fast 1200mV 0C Model Hold 'nineCounter:ledset4|clock_generator:inst|inst7'
Slack : 0.201
TNS   : 0.000

Type  : Fast 1200mV 0C Model Hold 'nineCounter:ledset5|clock_generator:inst|inst7'
Slack : 0.201
TNS   : 0.000

Type  : Fast 1200mV 0C Model Hold 'nineCounter:ledset6|clock_generator:inst|inst7'
Slack : 0.201
TNS   : 0.000

Type  : Fast 1200mV 0C Model Hold 'nineCounter:ledset7|clock_generator:inst|inst7'
Slack : 0.201
TNS   : 0.000

Type  : Fast 1200mV 0C Model Hold 'nineCounter:ledset8|clock_generator:inst|inst7'
Slack : 0.201
TNS   : 0.000

Type  : Fast 1200mV 0C Model Minimum Pulse Width 'clk'
Slack : -3.000
TNS   : -18.840

Type  : Fast 1200mV 0C Model Minimum Pulse Width 'nineCounter:ledset1|clock_generator:inst|clock_divider_1024:inst103|inst10'
Slack : -1.000
TNS   : -8.000

Type  : Fast 1200mV 0C Model Minimum Pulse Width 'nineCounter:ledset2|clock_generator:inst|clock_divider_1024:inst103|inst10'
Slack : -1.000
TNS   : -8.000

Type  : Fast 1200mV 0C Model Minimum Pulse Width 'nineCounter:ledset3|clock_generator:inst|clock_divider_1024:inst103|inst10'
Slack : -1.000
TNS   : -8.000

Type  : Fast 1200mV 0C Model Minimum Pulse Width 'nineCounter:ledset4|clock_generator:inst|clock_divider_1024:inst103|inst10'
Slack : -1.000
TNS   : -8.000

Type  : Fast 1200mV 0C Model Minimum Pulse Width 'nineCounter:ledset5|clock_generator:inst|clock_divider_1024:inst103|inst10'
Slack : -1.000
TNS   : -8.000

Type  : Fast 1200mV 0C Model Minimum Pulse Width 'nineCounter:ledset6|clock_generator:inst|clock_divider_1024:inst103|inst10'
Slack : -1.000
TNS   : -8.000

Type  : Fast 1200mV 0C Model Minimum Pulse Width 'nineCounter:ledset7|clock_generator:inst|clock_divider_1024:inst103|inst10'
Slack : -1.000
TNS   : -8.000

Type  : Fast 1200mV 0C Model Minimum Pulse Width 'nineCounter:ledset8|clock_generator:inst|clock_divider_1024:inst103|inst10'
Slack : -1.000
TNS   : -8.000

Type  : Fast 1200mV 0C Model Minimum Pulse Width 'nineCounter:ledset1|clock_generator:inst|clock_divider_1024:inst102|inst10'
Slack : -1.000
TNS   : -7.000

Type  : Fast 1200mV 0C Model Minimum Pulse Width 'nineCounter:ledset2|clock_generator:inst|clock_divider_1024:inst102|inst10'
Slack : -1.000
TNS   : -7.000

Type  : Fast 1200mV 0C Model Minimum Pulse Width 'nineCounter:ledset3|clock_generator:inst|clock_divider_1024:inst102|inst10'
Slack : -1.000
TNS   : -7.000

Type  : Fast 1200mV 0C Model Minimum Pulse Width 'nineCounter:ledset4|clock_generator:inst|clock_divider_1024:inst102|inst10'
Slack : -1.000
TNS   : -7.000

Type  : Fast 1200mV 0C Model Minimum Pulse Width 'nineCounter:ledset5|clock_generator:inst|clock_divider_1024:inst102|inst10'
Slack : -1.000
TNS   : -7.000

Type  : Fast 1200mV 0C Model Minimum Pulse Width 'nineCounter:ledset6|clock_generator:inst|clock_divider_1024:inst102|inst10'
Slack : -1.000
TNS   : -7.000

Type  : Fast 1200mV 0C Model Minimum Pulse Width 'nineCounter:ledset7|clock_generator:inst|clock_divider_1024:inst102|inst10'
Slack : -1.000
TNS   : -7.000

Type  : Fast 1200mV 0C Model Minimum Pulse Width 'nineCounter:ledset8|clock_generator:inst|clock_divider_1024:inst102|inst10'
Slack : -1.000
TNS   : -7.000

Type  : Fast 1200mV 0C Model Minimum Pulse Width 'nineCounter:ledset1|clock_generator:inst|inst7'
Slack : -1.000
TNS   : -3.000

Type  : Fast 1200mV 0C Model Minimum Pulse Width 'nineCounter:ledset2|clock_generator:inst|inst7'
Slack : -1.000
TNS   : -3.000

Type  : Fast 1200mV 0C Model Minimum Pulse Width 'nineCounter:ledset3|clock_generator:inst|inst7'
Slack : -1.000
TNS   : -3.000

Type  : Fast 1200mV 0C Model Minimum Pulse Width 'nineCounter:ledset4|clock_generator:inst|inst7'
Slack : -1.000
TNS   : -3.000

Type  : Fast 1200mV 0C Model Minimum Pulse Width 'nineCounter:ledset5|clock_generator:inst|inst7'
Slack : -1.000
TNS   : -3.000

Type  : Fast 1200mV 0C Model Minimum Pulse Width 'nineCounter:ledset6|clock_generator:inst|inst7'
Slack : -1.000
TNS   : -3.000

Type  : Fast 1200mV 0C Model Minimum Pulse Width 'nineCounter:ledset7|clock_generator:inst|inst7'
Slack : -1.000
TNS   : -3.000

Type  : Fast 1200mV 0C Model Minimum Pulse Width 'nineCounter:ledset8|clock_generator:inst|inst7'
Slack : -1.000
TNS   : -3.000

------------------------------------------------------------
